Archive member included to satisfy reference by file (symbol)

D:/ST/STM32CubeIDE_1.16.0/STM32CubeIDE/plugins/com.st.stm32cube.ide.mcu.externaltools.gnu-tools-for-stm32.12.3.rel1.win32_1.0.200.202406191623/tools/bin/../lib/gcc/arm-none-eabi/12.3.1/../../../../arm-none-eabi/lib/thumb/v7e-m+fp/hard\libc_nano.a(libc_a-exit.o)
                              D:/ST/STM32CubeIDE_1.16.0/STM32CubeIDE/plugins/com.st.stm32cube.ide.mcu.externaltools.gnu-tools-for-stm32.12.3.rel1.win32_1.0.200.202406191623/tools/bin/../lib/gcc/arm-none-eabi/12.3.1/../../../../arm-none-eabi/lib/thumb/v7e-m+fp/hard/crt0.o (exit)
D:/ST/STM32CubeIDE_1.16.0/STM32CubeIDE/plugins/com.st.stm32cube.ide.mcu.externaltools.gnu-tools-for-stm32.12.3.rel1.win32_1.0.200.202406191623/tools/bin/../lib/gcc/arm-none-eabi/12.3.1/../../../../arm-none-eabi/lib/thumb/v7e-m+fp/hard\libc_nano.a(libc_a-findfp.o)
                              D:/ST/STM32CubeIDE_1.16.0/STM32CubeIDE/plugins/com.st.stm32cube.ide.mcu.externaltools.gnu-tools-for-stm32.12.3.rel1.win32_1.0.200.202406191623/tools/bin/../lib/gcc/arm-none-eabi/12.3.1/../../../../arm-none-eabi/lib/thumb/v7e-m+fp/hard\libc_nano.a(libc_a-exit.o) (__stdio_exit_handler)
D:/ST/STM32CubeIDE_1.16.0/STM32CubeIDE/plugins/com.st.stm32cube.ide.mcu.externaltools.gnu-tools-for-stm32.12.3.rel1.win32_1.0.200.202406191623/tools/bin/../lib/gcc/arm-none-eabi/12.3.1/../../../../arm-none-eabi/lib/thumb/v7e-m+fp/hard\libc_nano.a(libc_a-fwalk.o)
                              D:/ST/STM32CubeIDE_1.16.0/STM32CubeIDE/plugins/com.st.stm32cube.ide.mcu.externaltools.gnu-tools-for-stm32.12.3.rel1.win32_1.0.200.202406191623/tools/bin/../lib/gcc/arm-none-eabi/12.3.1/../../../../arm-none-eabi/lib/thumb/v7e-m+fp/hard\libc_nano.a(libc_a-findfp.o) (_fwalk_sglue)
D:/ST/STM32CubeIDE_1.16.0/STM32CubeIDE/plugins/com.st.stm32cube.ide.mcu.externaltools.gnu-tools-for-stm32.12.3.rel1.win32_1.0.200.202406191623/tools/bin/../lib/gcc/arm-none-eabi/12.3.1/../../../../arm-none-eabi/lib/thumb/v7e-m+fp/hard\libc_nano.a(libc_a-printf.o)
                              ./Core/Src/tftlcd.o (printf)
D:/ST/STM32CubeIDE_1.16.0/STM32CubeIDE/plugins/com.st.stm32cube.ide.mcu.externaltools.gnu-tools-for-stm32.12.3.rel1.win32_1.0.200.202406191623/tools/bin/../lib/gcc/arm-none-eabi/12.3.1/../../../../arm-none-eabi/lib/thumb/v7e-m+fp/hard\libc_nano.a(libc_a-stdio.o)
                              D:/ST/STM32CubeIDE_1.16.0/STM32CubeIDE/plugins/com.st.stm32cube.ide.mcu.externaltools.gnu-tools-for-stm32.12.3.rel1.win32_1.0.200.202406191623/tools/bin/../lib/gcc/arm-none-eabi/12.3.1/../../../../arm-none-eabi/lib/thumb/v7e-m+fp/hard\libc_nano.a(libc_a-findfp.o) (__sread)
D:/ST/STM32CubeIDE_1.16.0/STM32CubeIDE/plugins/com.st.stm32cube.ide.mcu.externaltools.gnu-tools-for-stm32.12.3.rel1.win32_1.0.200.202406191623/tools/bin/../lib/gcc/arm-none-eabi/12.3.1/../../../../arm-none-eabi/lib/thumb/v7e-m+fp/hard\libc_nano.a(libc_a-memset.o)
                              D:/ST/STM32CubeIDE_1.16.0/STM32CubeIDE/plugins/com.st.stm32cube.ide.mcu.externaltools.gnu-tools-for-stm32.12.3.rel1.win32_1.0.200.202406191623/tools/bin/../lib/gcc/arm-none-eabi/12.3.1/../../../../arm-none-eabi/lib/thumb/v7e-m+fp/hard/crt0.o (memset)
D:/ST/STM32CubeIDE_1.16.0/STM32CubeIDE/plugins/com.st.stm32cube.ide.mcu.externaltools.gnu-tools-for-stm32.12.3.rel1.win32_1.0.200.202406191623/tools/bin/../lib/gcc/arm-none-eabi/12.3.1/../../../../arm-none-eabi/lib/thumb/v7e-m+fp/hard\libc_nano.a(libc_a-closer.o)
                              D:/ST/STM32CubeIDE_1.16.0/STM32CubeIDE/plugins/com.st.stm32cube.ide.mcu.externaltools.gnu-tools-for-stm32.12.3.rel1.win32_1.0.200.202406191623/tools/bin/../lib/gcc/arm-none-eabi/12.3.1/../../../../arm-none-eabi/lib/thumb/v7e-m+fp/hard\libc_nano.a(libc_a-stdio.o) (_close_r)
D:/ST/STM32CubeIDE_1.16.0/STM32CubeIDE/plugins/com.st.stm32cube.ide.mcu.externaltools.gnu-tools-for-stm32.12.3.rel1.win32_1.0.200.202406191623/tools/bin/../lib/gcc/arm-none-eabi/12.3.1/../../../../arm-none-eabi/lib/thumb/v7e-m+fp/hard\libc_nano.a(libc_a-reent.o)
                              D:/ST/STM32CubeIDE_1.16.0/STM32CubeIDE/plugins/com.st.stm32cube.ide.mcu.externaltools.gnu-tools-for-stm32.12.3.rel1.win32_1.0.200.202406191623/tools/bin/../lib/gcc/arm-none-eabi/12.3.1/../../../../arm-none-eabi/lib/thumb/v7e-m+fp/hard\libc_nano.a(libc_a-closer.o) (errno)
D:/ST/STM32CubeIDE_1.16.0/STM32CubeIDE/plugins/com.st.stm32cube.ide.mcu.externaltools.gnu-tools-for-stm32.12.3.rel1.win32_1.0.200.202406191623/tools/bin/../lib/gcc/arm-none-eabi/12.3.1/../../../../arm-none-eabi/lib/thumb/v7e-m+fp/hard\libc_nano.a(libc_a-impure.o)
                              D:/ST/STM32CubeIDE_1.16.0/STM32CubeIDE/plugins/com.st.stm32cube.ide.mcu.externaltools.gnu-tools-for-stm32.12.3.rel1.win32_1.0.200.202406191623/tools/bin/../lib/gcc/arm-none-eabi/12.3.1/../../../../arm-none-eabi/lib/thumb/v7e-m+fp/hard\libc_nano.a(libc_a-printf.o) (_impure_ptr)
[...]
Memory Configuration

Name             Origin             Length             Attributes
CCMRAM           0x10000000         0x00010000         xrw
RAM              0x20000000         0x00020000         xrw
FLASH            0x08000000         0x00100000         xr
*default*        0x00000000         0xffffffff

Linker script and memory map

LOAD D:/ST/STM32CubeIDE_1.16.0/STM32CubeIDE/plugins/com.st.stm32cube.ide.mcu.externaltools.gnu-tools-for-stm32.12.3.rel1.win32_1.0.200.202406191623/tools/bin/../lib/gcc/arm-none-eabi/12.3.1/thumb/v7e-m+fp/hard/crti.o
LOAD D:/ST/STM32CubeIDE_1.16.0/STM32CubeIDE/plugins/com.st.stm32cube.ide.mcu.externaltools.gnu-tools-for-stm32.12.3.rel1.win32_1.0.200.202406191623/tools/bin/../lib/gcc/arm-none-eabi/12.3.1/thumb/v7e-m+fp/hard/crtbegin.o
LOAD D:/ST/STM32CubeIDE_1.16.0/STM32CubeIDE/plugins/com.st.stm32cube.ide.mcu.externaltools.gnu-tools-for-stm32.12.3.rel1.win32_1.0.200.202406191623/tools/bin/../lib/gcc/arm-none-eabi/12.3.1/../../../../arm-none-eabi/lib/thumb/v7e-m+fp/hard/crt0.o
LOAD ./Core/Src/SysTick.o
LOAD ./Core/Src/beep.o
LOAD ./Core/Src/key.o
LOAD ./Core/Src/led.o
LOAD ./Core/Src/main.o
LOAD ./Core/Src/servo.o
LOAD ./Core/Src/servopwm.o
LOAD ./Core/Src/stm32f4xx_hal_msp.o
LOAD ./Core/Src/stm32f4xx_it.o
LOAD ./Core/Src/syscalls.o
LOAD ./Core/Src/sysmem.o
LOAD ./Core/Src/system_stm32f4xx.o
LOAD ./Core/Src/tftlcd.o
LOAD ./Core/Src/time.o
LOAD ./Core/Src/usart.o
LOAD ./Core/Startup/startup_stm32f407zgtx.o
LOAD ./Drivers/STM32F4xx_HAL_Driver/Src/stm32f4xx_hal.o
LOAD ./Drivers/STM32F4xx_HAL_Driver/Src/stm32f4xx_hal_cortex.o
LOAD ./Drivers/STM32F4xx_HAL_Driver/Src/stm32f4xx_hal_dma.o
LOAD ./Drivers/STM32F4xx_HAL_Driver/Src/stm32f4xx_hal_dma_ex.o
LOAD ./Drivers/STM32F4xx_HAL_Driver/Src/stm32f4xx_hal_exti.o
LOAD ./Drivers/STM32F4xx_HAL_Driver/Src/stm32f4xx_hal_flash.o
LOAD ./Drivers/STM32F4xx_HAL_Driver/Src/stm32f4xx_hal_flash_ex.o
LOAD ./Drivers/STM32F4xx_HAL_Driver/Src/stm32f4xx_hal_flash_ramfunc.o
LOAD ./Drivers/STM32F4xx_HAL_Driver/Src/stm32f4xx_hal_gpio.o
LOAD ./Drivers/STM32F4xx_HAL_Driver/Src/stm32f4xx_hal_pwr.o
LOAD ./Drivers/STM32F4xx_HAL_Driver/Src/stm32f4xx_hal_pwr_ex.o
LOAD ./Drivers/STM32F4xx_HAL_Driver/Src/stm32f4xx_hal_rcc.o
LOAD ./Drivers/STM32F4xx_HAL_Driver/Src/stm32f4xx_hal_rcc_ex.o
LOAD ./Drivers/STM32F4xx_HAL_Driver/Src/stm32f4xx_hal_sram.o
LOAD ./Drivers/STM32F4xx_HAL_Driver/Src/stm32f4xx_hal_tim.o
LOAD ./Drivers/STM32F4xx_HAL_Driver/Src/stm32f4xx_hal_tim_ex.o
LOAD ./Drivers/STM32F4xx_HAL_Driver/Src/stm32f4xx_hal_uart.o
LOAD ./Drivers/STM32F4xx_HAL_Driver/Src/stm32f4xx_hal_usart.o
LOAD ./Drivers/STM32F4xx_HAL_Driver/Src/stm32f4xx_ll_fsmc.o
START GROUP
LOAD D:/ST/STM32CubeIDE_1.16.0/STM32CubeIDE/plugins/com.st.stm32cube.ide.mcu.externaltools.gnu-tools-for-stm32.12.3.rel1.win32_1.0.200.202406191623/tools/bin/../lib/gcc/arm-none-eabi/12.3.1/../../../../arm-none-eabi/lib/thumb/v7e-m+fp/hard\libc_nano.a
LOAD D:/ST/STM32CubeIDE_1.16.0/STM32CubeIDE/plugins/com.st.stm32cube.ide.mcu.externaltools.gnu-tools-for-stm32.12.3.rel1.win32_1.0.200.202406191623/tools/bin/../lib/gcc/arm-none-eabi/12.3.1/../../../../arm-none-eabi/lib/thumb/v7e-m+fp/hard\libm.a
END GROUP
START GROUP
LOAD D:/ST/STM32CubeIDE_1.16.0/STM32CubeIDE/plugins/com.st.stm32cube.ide.mcu.externaltools.gnu-tools-for-stm32.12.3.rel1.win32_1.0.200.202406191623/tools/bin/../lib/gcc/arm-none-eabi/12.3.1/thumb/v7e-m+fp/hard\libgcc.a
LOAD D:/ST/STM32CubeIDE_1.16.0/STM32CubeIDE/plugins/com.st.stm32cube.ide.mcu.externaltools.gnu-tools-for-stm32.12.3.rel1.win32_1.0.200.202406191623/tools/bin/../lib/gcc/arm-none-eabi/12.3.1/../../../../arm-none-eabi/lib/thumb/v7e-m+fp/hard\libc_nano.a
END GROUP
START GROUP
LOAD D:/ST/STM32CubeIDE_1.16.0/STM32CubeIDE/plugins/com.st.stm32cube.ide.mcu.externaltools.gnu-tools-for-stm32.12.3.rel1.win32_1.0.200.202406191623/tools/bin/../lib/gcc/arm-none-eabi/12.3.1/thumb/v7e-m+fp/hard\libgcc.a
LOAD D:/ST/STM32CubeIDE_1.16.0/STM32CubeIDE/plugins/com.st.stm32cube.ide.mcu.externaltools.gnu-tools-for-stm32.12.3.rel1.win32_1.0.200.202406191623/tools/bin/../lib/gcc/arm-none-eabi/12.3.1/../../../../arm-none-eabi/lib/thumb/v7e-m+fp/hard\libc_nano.a
LOAD D:/ST/STM32CubeIDE_1.16.0/STM32CubeIDE/plugins/com.st.stm32cube.ide.mcu.externaltools.gnu-tools-for-stm32.12.3.rel1.win32_1.0.200.202406191623/tools/bin/../lib/gcc/arm-none-eabi/12.3.1/../../../../arm-none-eabi/lib/thumb/v7e-m+fp/hard\libnosys.a
END GROUP
START GROUP
LOAD D:/ST/STM32CubeIDE_1.16.0/STM32CubeIDE/plugins/com.st.stm32cube.ide.mcu.externaltools.gnu-tools-for-stm32.12.3.rel1.win32_1.0.200.202406191623/tools/bin/../lib/gcc/arm-none-eabi/12.3.1/thumb/v7e-m+fp/hard\libgcc.a
LOAD D:/ST/STM32CubeIDE_1.16.0/STM32CubeIDE/plugins/com.st.stm32cube.ide.mcu.externaltools.gnu-tools-for-stm32.12.3.rel1.win32_1.0.200.202406191623/tools/bin/../lib/gcc/arm-none-eabi/12.3.1/../../../../arm-none-eabi/lib/thumb/v7e-m+fp/hard\libc_nano.a
LOAD D:/ST/STM32CubeIDE_1.16.0/STM32CubeIDE/plugins/com.st.stm32cube.ide.mcu.externaltools.gnu-tools-for-stm32.12.3.rel1.win32_1.0.200.202406191623/tools/bin/../lib/gcc/arm-none-eabi/12.3.1/../../../../arm-none-eabi/lib/thumb/v7e-m+fp/hard\libnosys.a
END GROUP
LOAD D:/ST/STM32CubeIDE_1.16.0/STM32CubeIDE/plugins/com.st.stm32cube.ide.mcu.externaltools.gnu-tools-for-stm32.12.3.rel1.win32_1.0.200.202406191623/tools/bin/../lib/gcc/arm-none-eabi/12.3.1/thumb/v7e-m+fp/hard/crtend.o
LOAD D:/ST/STM32CubeIDE_1.16.0/STM32CubeIDE/plugins/com.st.stm32cube.ide.mcu.externaltools.gnu-tools-for-stm32.12.3.rel1.win32_1.0.200.202406191623/tools/bin/../lib/gcc/arm-none-eabi/12.3.1/thumb/v7e-m+fp/hard/crtn.o
                0x20020000                        _estack = (ORIGIN (RAM) + LENGTH (RAM))
                0x00000200                        _Min_Heap_Size = 0x200
                0x00000400                        _Min_Stack_Size = 0x400

.isr_vector     0x08000000      0x188
                0x08000000                        . = ALIGN (0x4)
 *(.isr_vector)
 .isr_vector    0x08000000      0x188 ./Core/Startup/startup_stm32f407zgtx.o
                0x08000000                g_pfnVectors
                0x08000188                        . = ALIGN (0x4)

.text           0x08000190     0x5f30
                0x08000190                        . = ALIGN (0x4)
 *(.text)
 .text          0x08000190       0x40 D:/ST/STM32CubeIDE_1.16.0/STM32CubeIDE/plugins/com.st.stm32cube.ide.mcu.externaltools.gnu-tools-for-stm32.12.3.rel1.win32_1.0.200.202406191623/tools/bin/../lib/gcc/arm-none-eabi/12.3.1/thumb/v7e-m+fp/hard/crtbegin.o
 .text          0x080001d0       0xa0 D:/ST/STM32CubeIDE_1.16.0/STM32CubeIDE/plugins/com.st.stm32cube.ide.mcu.externaltools.gnu-tools-for-stm32.12.3.rel1.win32_1.0.200.202406191623/tools/bin/../lib/gcc/arm-none-eabi/12.3.1/../../../../arm-none-eabi/lib/thumb/v7e-m+fp/hard\libc_nano.a(libc_a-memchr.o)
                0x080001d0                memchr
 .text          0x08000270       0x30 D:/ST/STM32CubeIDE_1.16.0/STM32CubeIDE/plugins/com.st.stm32cube.ide.mcu.externaltools.gnu-tools-for-stm32.12.3.rel1.win32_1.0.200.202406191623/tools/bin/../lib/gcc/arm-none-eabi/12.3.1/thumb/v7e-m+fp/hard\libgcc.a(_aeabi_uldivmod.o)
                0x08000270                __aeabi_uldivmod
 .text          0x080002a0      0x2bc D:/ST/STM32CubeIDE_1.16.0/STM32CubeIDE/plugins/com.st.stm32cube.ide.mcu.externaltools.gnu-tools-for-stm32.12.3.rel1.win32_1.0.200.202406191623/tools/bin/../lib/gcc/arm-none-eabi/12.3.1/thumb/v7e-m+fp/hard\libgcc.a(_udivmoddi4.o)
                0x080002a0                __udivmoddi4
 .text          0x0800055c        0x4 D:/ST/STM32CubeIDE_1.16.0/STM32CubeIDE/plugins/com.st.stm32cube.ide.mcu.externaltools.gnu-tools-for-stm32.12.3.rel1.win32_1.0.200.202406191623/tools/bin/../lib/gcc/arm-none-eabi/12.3.1/thumb/v7e-m+fp/hard\libgcc.a(_dvmd_tls.o)
                0x0800055c                __aeabi_idiv0
                0x0800055c                __aeabi_ldiv0
 *(.text*)
 .text.SysTick_Init
                0x08000560       0x24 ./Core/Src/SysTick.o
                0x08000560                SysTick_Init
 .text.delay_us
                0x08000584       0x7c ./Core/Src/SysTick.o
                0x08000584                delay_us
 .text.delay_ms
                0x08000600       0x30 ./Core/Src/SysTick.o
                0x08000600                delay_ms
 .text.BEEP_Init
                0x08000630       0x5c ./Core/Src/beep.o
                0x08000630                BEEP_Init
 .text.KEY_Init
                0x0800068c       0x80 ./Core/Src/key.o
                0x0800068c                KEY_Init
 .text.KEY_Scan
                0x0800070c       0xc4 ./Core/Src/key.o
                0x0800070c                KEY_Scan
 .text.LED_Init
                0x080007d0       0xcc ./Core/Src/led.o
                0x080007d0                LED_Init
 .text.main     0x0800089c      0x4b8 ./Core/Src/main.o
                0x0800089c                main
 .text.MX_GPIO_Init
                0x08000d54       0x50 ./Core/Src/main.o
 .text.SetServoAngle
                0x08000da4       0x50 ./Core/Src/servo.o
                0x08000da4                SetServoAngle
 .text.servo_init
                0x08000df4       0x18 ./Core/Src/servo.o
                0x08000df4                servo_init
 .text.PID_Control
                0x08000e0c       0x88 ./Core/Src/servo.o
                0x08000e0c                PID_Control
 .text.lasertrack
                0x08000e94      0x1d4 ./Core/Src/servo.o
                0x08000e94                lasertrack
 .text.anglelimit
                0x08001068       0x50 ./Core/Src/servo.o
                0x08001068                anglelimit
 .text.TIM14_CH1_PWM_Init
                0x080010b8       0xa0 ./Core/Src/servopwm.o
                0x080010b8                TIM14_CH1_PWM_Init
 .text.HAL_TIM_PWM_MspInit
                0x08001158       0x90 ./Core/Src/servopwm.o
                0x08001158                HAL_TIM_PWM_MspInit
 .text.TIM14_SetCompare
                0x080011e8       0x38 ./Core/Src/servopwm.o
                0x080011e8                TIM14_SetCompare
 .text.HAL_MspInit
                0x08001220       0x50 ./Core/Src/stm32f4xx_hal_msp.o
                0x08001220                HAL_MspInit
 .text.NMI_Handler
                0x08001270        0x8 ./Core/Src/stm32f4xx_it.o
                0x08001270                NMI_Handler
 .text.HardFault_Handler
                0x08001278        0x8 ./Core/Src/stm32f4xx_it.o
                0x08001278                HardFault_Handler
 .text.MemManage_Handler
                0x08001280        0x8 ./Core/Src/stm32f4xx_it.o
                0x08001280                MemManage_Handler
 .text.BusFault_Handler
                0x08001288        0x8 ./Core/Src/stm32f4xx_it.o
                0x08001288                BusFault_Handler
 .text.UsageFault_Handler
                0x08001290        0x8 ./Core/Src/stm32f4xx_it.o
                0x08001290                UsageFault_Handler
 .text.SVC_Handler
                0x08001298        0xe ./Core/Src/stm32f4xx_it.o
                0x08001298                SVC_Handler
 .text.DebugMon_Handler
                0x080012a6        0xe ./Core/Src/stm32f4xx_it.o
                0x080012a6                DebugMon_Handler
 .text.PendSV_Handler
                0x080012b4        0xe ./Core/Src/stm32f4xx_it.o
                0x080012b4                PendSV_Handler
 .text.SysTick_Handler
                0x080012c2        0xc ./Core/Src/stm32f4xx_it.o
                0x080012c2                SysTick_Handler
 .text._read    0x080012ce       0x3a ./Core/Src/syscalls.o
                0x080012ce                _read
 .text._write   0x08001308       0x38 ./Core/Src/syscalls.o
                0x08001308                _write
 .text._close   0x08001340       0x18 ./Core/Src/syscalls.o
                0x08001340                _close
 .text._fstat   0x08001358       0x20 ./Core/Src/syscalls.o
                0x08001358                _fstat
 .text._isatty  0x08001378       0x16 ./Core/Src/syscalls.o
                0x08001378                _isatty
 .text._lseek   0x0800138e       0x1a ./Core/Src/syscalls.o
                0x0800138e                _lseek
 .text.SystemClock_Init
                0x080013a8       0xf0 ./Core/Src/sysmem.o
                0x080013a8                SystemClock_Init
 .text.SystemInit
                0x08001498       0x24 ./Core/Src/system_stm32f4xx.o
                0x08001498                SystemInit
 .text.LCD_WriteCmd
                0x080014bc       0x20 ./Core/Src/tftlcd.o
                0x080014bc                LCD_WriteCmd
 .text.LCD_WriteData
                0x080014dc       0x20 ./Core/Src/tftlcd.o
                0x080014dc                LCD_WriteData
 .text.LCD_WriteCmdData
                0x080014fc       0x28 ./Core/Src/tftlcd.o
                0x080014fc                LCD_WriteCmdData
 .text.LCD_WriteData_Color
                0x08001524       0x20 ./Core/Src/tftlcd.o
                0x08001524                LCD_WriteData_Color
 .text.LCD_Display_Dir
                0x08001544       0x54 ./Core/Src/tftlcd.o
                0x08001544                LCD_Display_Dir
 .text.LCD_Set_Window
                0x08001598       0x98 ./Core/Src/tftlcd.o
                0x08001598                LCD_Set_Window
 .text.HAL_SRAM_MspInit
                0x08001630      0x108 ./Core/Src/tftlcd.o
                0x08001630                HAL_SRAM_MspInit
 .text.TFTLCD_FSMC_Init
                0x08001738       0xec ./Core/Src/tftlcd.o
                0x08001738                TFTLCD_FSMC_Init
 .text.TFTLCD_Init
                0x08001824      0x3e8 ./Core/Src/tftlcd.o
                0x08001824                TFTLCD_Init
 .text.LCD_Clear
                0x08001c0c       0x64 ./Core/Src/tftlcd.o
                0x08001c0c                LCD_Clear
 .text.LCD_Fill
                0x08001c70       0x80 ./Core/Src/tftlcd.o
                0x08001c70                LCD_Fill
 .text.LCD_DrawFRONT_COLOR
                0x08001cf0       0x2e ./Core/Src/tftlcd.o
                0x08001cf0                LCD_DrawFRONT_COLOR
 *fill*         0x08001d1e        0x2 
 .text.LCD_ShowChar
                0x08001d20      0x15c ./Core/Src/tftlcd.o
                0x08001d20                LCD_ShowChar
 .text.LCD_Pow  0x08001e7c       0x38 ./Core/Src/tftlcd.o
                0x08001e7c                LCD_Pow
 .text.LCD_ShowNum
                0x08001eb4       0xe4 ./Core/Src/tftlcd.o
                0x08001eb4                LCD_ShowNum
 .text.LCD_ShowString
                0x08001f98       0x9a ./Core/Src/tftlcd.o
                0x08001f98                LCD_ShowString
 *fill*         0x08002032        0x2 
 .text.TIM3_Init
                0x08002034       0x4c ./Core/Src/time.o
                0x08002034                TIM3_Init
 .text.HAL_TIM_Base_MspInit
                0x08002080       0x50 ./Core/Src/time.o
                0x08002080                HAL_TIM_Base_MspInit
 .text.TIM3_IRQHandler
                0x080020d0       0x14 ./Core/Src/time.o
                0x080020d0                TIM3_IRQHandler
 .text.HAL_TIM_PeriodElapsedCallback
                0x080020e4       0x50 ./Core/Src/time.o
                0x080020e4                HAL_TIM_PeriodElapsedCallback
 .text.USART1_Init
                0x08002134       0x58 ./Core/Src/usart.o
                0x08002134                USART1_Init
 .text.HAL_UART_MspInit
                0x0800218c       0x90 ./Core/Src/usart.o
                0x0800218c                HAL_UART_MspInit
 .text.HAL_UART_RxCpltCallback
                0x0800221c       0xdc ./Core/Src/usart.o
                0x0800221c                HAL_UART_RxCpltCallback
 .text.USART1_IRQHandler
                0x080022f8       0x58 ./Core/Src/usart.o
                0x080022f8                USART1_IRQHandler
 .text.Reset_Handler
                0x08002350       0x50 ./Core/Startup/startup_stm32f407zgtx.o
                0x08002350                Reset_Handler
 .text.Default_Handler
                0x080023a0        0x2 ./Core/Startup/startup_stm32f407zgtx.o
                0x080023a0                RTC_Alarm_IRQHandler
                0x080023a0                HASH_RNG_IRQHandler
                0x080023a0                EXTI2_IRQHandler
                0x080023a0                TIM8_CC_IRQHandler
                0x080023a0                TIM1_CC_IRQHandler
                0x080023a0                DMA2_Stream5_IRQHandler
                0x080023a0                DMA1_Stream5_IRQHandler
                0x080023a0                PVD_IRQHandler
                0x080023a0                SDIO_IRQHandler
                0x080023a0                TAMP_STAMP_IRQHandler
                0x080023a0                CAN2_RX1_IRQHandler
                0x080023a0                EXTI3_IRQHandler
                0x080023a0                TIM8_TRG_COM_TIM14_IRQHandler
                0x080023a0                TIM1_UP_TIM10_IRQHandler
                0x080023a0                TIM8_UP_TIM13_IRQHandler
                0x080023a0                I2C3_ER_IRQHandler
                0x080023a0                EXTI0_IRQHandler
                0x080023a0                I2C2_EV_IRQHandler
                0x080023a0                DMA1_Stream2_IRQHandler
                0x080023a0                CAN1_RX0_IRQHandler
                0x080023a0                FPU_IRQHandler
                0x080023a0                OTG_HS_WKUP_IRQHandler
                0x080023a0                CAN2_SCE_IRQHandler
                0x080023a0                DMA2_Stream2_IRQHandler
                0x080023a0                SPI1_IRQHandler
                0x080023a0                TIM6_DAC_IRQHandler
                0x080023a0                TIM1_BRK_TIM9_IRQHandler
                0x080023a0                DCMI_IRQHandler
                0x080023a0                CAN2_RX0_IRQHandler
                0x080023a0                DMA2_Stream3_IRQHandler
                0x080023a0                USART6_IRQHandler
                0x080023a0                USART3_IRQHandler
                0x080023a0                CAN1_RX1_IRQHandler
                0x080023a0                UART5_IRQHandler
                0x080023a0                DMA2_Stream0_IRQHandler
                0x080023a0                TIM4_IRQHandler
                0x080023a0                I2C1_EV_IRQHandler
                0x080023a0                DMA1_Stream6_IRQHandler
                0x080023a0                DMA1_Stream1_IRQHandler
                0x080023a0                UART4_IRQHandler
                0x080023a0                RCC_IRQHandler
                0x080023a0                TIM8_BRK_TIM12_IRQHandler
                0x080023a0                Default_Handler
                0x080023a0                EXTI15_10_IRQHandler
                0x080023a0                ADC_IRQHandler
                0x080023a0                DMA1_Stream7_IRQHandler
                0x080023a0                TIM7_IRQHandler
                0x080023a0                CAN2_TX_IRQHandler
                0x080023a0                TIM5_IRQHandler
                0x080023a0                DMA2_Stream7_IRQHandler
                0x080023a0                I2C3_EV_IRQHandler
                0x080023a0                EXTI9_5_IRQHandler
                0x080023a0                RTC_WKUP_IRQHandler
                0x080023a0                ETH_WKUP_IRQHandler
                0x080023a0                SPI2_IRQHandler
                0x080023a0                OTG_HS_EP1_IN_IRQHandler
                0x080023a0                DMA1_Stream0_IRQHandler
                0x080023a0                CAN1_TX_IRQHandler
                0x080023a0                EXTI4_IRQHandler
                0x080023a0                FSMC_IRQHandler
                0x080023a0                ETH_IRQHandler
                0x080023a0                OTG_HS_EP1_OUT_IRQHandler
                0x080023a0                WWDG_IRQHandler
                0x080023a0                TIM2_IRQHandler
                0x080023a0                OTG_FS_WKUP_IRQHandler
                0x080023a0                TIM1_TRG_COM_TIM11_IRQHandler
                0x080023a0                OTG_HS_IRQHandler
                0x080023a0                EXTI1_IRQHandler
                0x080023a0                USART2_IRQHandler
                0x080023a0                I2C2_ER_IRQHandler
                0x080023a0                DMA2_Stream1_IRQHandler
                0x080023a0                CAN1_SCE_IRQHandler
                0x080023a0                FLASH_IRQHandler
                0x080023a0                DMA2_Stream4_IRQHandler
                0x080023a0                OTG_FS_IRQHandler
                0x080023a0                SPI3_IRQHandler
                0x080023a0                DMA1_Stream4_IRQHandler
                0x080023a0                I2C1_ER_IRQHandler
                0x080023a0                DMA2_Stream6_IRQHandler
                0x080023a0                DMA1_Stream3_IRQHandler
 *fill*         0x080023a2        0x2 
 .text.HAL_Init
                0x080023a4       0x44 ./Drivers/STM32F4xx_HAL_Driver/Src/stm32f4xx_hal.o
                0x080023a4                HAL_Init
 .text.HAL_InitTick
                0x080023e8       0x60 ./Drivers/STM32F4xx_HAL_Driver/Src/stm32f4xx_hal.o
                0x080023e8                HAL_InitTick
 .text.HAL_IncTick
                0x08002448       0x28 ./Drivers/STM32F4xx_HAL_Driver/Src/stm32f4xx_hal.o
                0x08002448                HAL_IncTick
 .text.HAL_GetTick
                0x08002470       0x18 ./Drivers/STM32F4xx_HAL_Driver/Src/stm32f4xx_hal.o
                0x08002470                HAL_GetTick
 .text.HAL_GetREVID
                0x08002488       0x18 ./Drivers/STM32F4xx_HAL_Driver/Src/stm32f4xx_hal.o
                0x08002488                HAL_GetREVID
 .text.__NVIC_SetPriorityGrouping
                0x080024a0       0x48 ./Drivers/STM32F4xx_HAL_Driver/Src/stm32f4xx_hal_cortex.o
 .text.__NVIC_GetPriorityGrouping
                0x080024e8       0x1c ./Drivers/STM32F4xx_HAL_Driver/Src/stm32f4xx_hal_cortex.o
 .text.__NVIC_EnableIRQ
                0x08002504       0x3c ./Drivers/STM32F4xx_HAL_Driver/Src/stm32f4xx_hal_cortex.o
 .text.__NVIC_SetPriority
                0x08002540       0x54 ./Drivers/STM32F4xx_HAL_Driver/Src/stm32f4xx_hal_cortex.o
 .text.NVIC_EncodePriority
                0x08002594       0x66 ./Drivers/STM32F4xx_HAL_Driver/Src/stm32f4xx_hal_cortex.o
 *fill*         0x080025fa        0x2 
 .text.SysTick_Config
                0x080025fc       0x44 ./Drivers/STM32F4xx_HAL_Driver/Src/stm32f4xx_hal_cortex.o
 .text.HAL_NVIC_SetPriorityGrouping
                0x08002640       0x16 ./Drivers/STM32F4xx_HAL_Driver/Src/stm32f4xx_hal_cortex.o
                0x08002640                HAL_NVIC_SetPriorityGrouping
 .text.HAL_NVIC_SetPriority
                0x08002656       0x38 ./Drivers/STM32F4xx_HAL_Driver/Src/stm32f4xx_hal_cortex.o
                0x08002656                HAL_NVIC_SetPriority
 .text.HAL_NVIC_EnableIRQ
                0x0800268e       0x1c ./Drivers/STM32F4xx_HAL_Driver/Src/stm32f4xx_hal_cortex.o
                0x0800268e                HAL_NVIC_EnableIRQ
 .text.HAL_SYSTICK_Config
                0x080026aa       0x18 ./Drivers/STM32F4xx_HAL_Driver/Src/stm32f4xx_hal_cortex.o
                0x080026aa                HAL_SYSTICK_Config
 *fill*         0x080026c2        0x2 
 .text.HAL_SYSTICK_CLKSourceConfig
                0x080026c4       0x38 ./Drivers/STM32F4xx_HAL_Driver/Src/stm32f4xx_hal_cortex.o
                0x080026c4                HAL_SYSTICK_CLKSourceConfig
 .text.HAL_DMA_Abort_IT
                0x080026fc       0x44 ./Drivers/STM32F4xx_HAL_Driver/Src/stm32f4xx_hal_dma.o
                0x080026fc                HAL_DMA_Abort_IT
 .text.HAL_GPIO_Init
                0x08002740      0x338 ./Drivers/STM32F4xx_HAL_Driver/Src/stm32f4xx_hal_gpio.o
                0x08002740                HAL_GPIO_Init
 .text.HAL_GPIO_WritePin
                0x08002a78       0x32 ./Drivers/STM32F4xx_HAL_Driver/Src/stm32f4xx_hal_gpio.o
                0x08002a78                HAL_GPIO_WritePin
 *fill*         0x08002aaa        0x2 
 .text.HAL_RCC_OscConfig
                0x08002aac      0x4f0 ./Drivers/STM32F4xx_HAL_Driver/Src/stm32f4xx_hal_rcc.o
                0x08002aac                HAL_RCC_OscConfig
 .text.HAL_RCC_ClockConfig
                0x08002f9c      0x1cc ./Drivers/STM32F4xx_HAL_Driver/Src/stm32f4xx_hal_rcc.o
                0x08002f9c                HAL_RCC_ClockConfig
 .text.HAL_RCC_GetSysClockFreq
                0x08003168      0x20c ./Drivers/STM32F4xx_HAL_Driver/Src/stm32f4xx_hal_rcc.o
                0x08003168                HAL_RCC_GetSysClockFreq
 .text.HAL_RCC_GetHCLKFreq
                0x08003374       0x18 ./Drivers/STM32F4xx_HAL_Driver/Src/stm32f4xx_hal_rcc.o
                0x08003374                HAL_RCC_GetHCLKFreq
 .text.HAL_RCC_GetPCLK1Freq
                0x0800338c       0x28 ./Drivers/STM32F4xx_HAL_Driver/Src/stm32f4xx_hal_rcc.o
                0x0800338c                HAL_RCC_GetPCLK1Freq
 .text.HAL_RCC_GetPCLK2Freq
                0x080033b4       0x28 ./Drivers/STM32F4xx_HAL_Driver/Src/stm32f4xx_hal_rcc.o
                0x080033b4                HAL_RCC_GetPCLK2Freq
 .text.HAL_SRAM_Init
                0x080033dc       0x88 ./Drivers/STM32F4xx_HAL_Driver/Src/stm32f4xx_hal_sram.o
                0x080033dc                HAL_SRAM_Init
 .text.HAL_TIM_Base_Init
                0x08003464       0x9e ./Drivers/STM32F4xx_HAL_Driver/Src/stm32f4xx_hal_tim.o
                0x08003464                HAL_TIM_Base_Init
 *fill*         0x08003502        0x2 
 .text.HAL_TIM_Base_Start_IT
                0x08003504       0xe0 ./Drivers/STM32F4xx_HAL_Driver/Src/stm32f4xx_hal_tim.o
                0x08003504                HAL_TIM_Base_Start_IT
 .text.HAL_TIM_PWM_Init
                0x080035e4       0x9e ./Drivers/STM32F4xx_HAL_Driver/Src/stm32f4xx_hal_tim.o
                0x080035e4                HAL_TIM_PWM_Init
 *fill*         0x08003682        0x2 
 .text.HAL_TIM_PWM_Start
                0x08003684      0x190 ./Drivers/STM32F4xx_HAL_Driver/Src/stm32f4xx_hal_tim.o
                0x08003684                HAL_TIM_PWM_Start
 .text.HAL_TIM_IRQHandler
                0x08003814      0x210 ./Drivers/STM32F4xx_HAL_Driver/Src/stm32f4xx_hal_tim.o
                0x08003814                HAL_TIM_IRQHandler
 .text.HAL_TIM_PWM_ConfigChannel
                0x08003a24      0x184 ./Drivers/STM32F4xx_HAL_Driver/Src/stm32f4xx_hal_tim.o
                0x08003a24                HAL_TIM_PWM_ConfigChannel
 .text.HAL_TIM_OC_DelayElapsedCallback
                0x08003ba8       0x14 ./Drivers/STM32F4xx_HAL_Driver/Src/stm32f4xx_hal_tim.o
                0x08003ba8                HAL_TIM_OC_DelayElapsedCallback
 .text.HAL_TIM_IC_CaptureCallback
                0x08003bbc       0x14 ./Drivers/STM32F4xx_HAL_Driver/Src/stm32f4xx_hal_tim.o
                0x08003bbc                HAL_TIM_IC_CaptureCallback
 .text.HAL_TIM_PWM_PulseFinishedCallback
                0x08003bd0       0x14 ./Drivers/STM32F4xx_HAL_Driver/Src/stm32f4xx_hal_tim.o
                0x08003bd0                HAL_TIM_PWM_PulseFinishedCallback
 .text.HAL_TIM_TriggerCallback
                0x08003be4       0x14 ./Drivers/STM32F4xx_HAL_Driver/Src/stm32f4xx_hal_tim.o
                0x08003be4                HAL_TIM_TriggerCallback
 .text.TIM_Base_SetConfig
                0x08003bf8      0x140 ./Drivers/STM32F4xx_HAL_Driver/Src/stm32f4xx_hal_tim.o
                0x08003bf8                TIM_Base_SetConfig
 .text.TIM_OC1_SetConfig
                0x08003d38       0xe0 ./Drivers/STM32F4xx_HAL_Driver/Src/stm32f4xx_hal_tim.o
 .text.TIM_OC2_SetConfig
                0x08003e18       0xec ./Drivers/STM32F4xx_HAL_Driver/Src/stm32f4xx_hal_tim.o
                0x08003e18                TIM_OC2_SetConfig
 .text.TIM_OC3_SetConfig
                0x08003f04       0xe8 ./Drivers/STM32F4xx_HAL_Driver/Src/stm32f4xx_hal_tim.o
 .text.TIM_OC4_SetConfig
                0x08003fec       0xac ./Drivers/STM32F4xx_HAL_Driver/Src/stm32f4xx_hal_tim.o
 .text.TIM_CCxChannelCmd
                0x08004098       0x4a ./Drivers/STM32F4xx_HAL_Driver/Src/stm32f4xx_hal_tim.o
                0x08004098                TIM_CCxChannelCmd
 .text.HAL_TIMEx_CommutCallback
                0x080040e2       0x14 ./Drivers/STM32F4xx_HAL_Driver/Src/stm32f4xx_hal_tim_ex.o
                0x080040e2                HAL_TIMEx_CommutCallback
 .text.HAL_TIMEx_BreakCallback
                0x080040f6       0x14 ./Drivers/STM32F4xx_HAL_Driver/Src/stm32f4xx_hal_tim_ex.o
                0x080040f6                HAL_TIMEx_BreakCallback
 .text.HAL_UART_Init
                0x0800410a       0x9a ./Drivers/STM32F4xx_HAL_Driver/Src/stm32f4xx_hal_uart.o
                0x0800410a                HAL_UART_Init
 .text.HAL_UART_Receive_IT
                0x080041a4       0xaa ./Drivers/STM32F4xx_HAL_Driver/Src/stm32f4xx_hal_uart.o
                0x080041a4                HAL_UART_Receive_IT
 *fill*         0x0800424e        0x2 
 .text.HAL_UART_IRQHandler
                0x08004250      0x200 ./Drivers/STM32F4xx_HAL_Driver/Src/stm32f4xx_hal_uart.o
                0x08004250                HAL_UART_IRQHandler
 .text.HAL_UART_TxCpltCallback
                0x08004450       0x14 ./Drivers/STM32F4xx_HAL_Driver/Src/stm32f4xx_hal_uart.o
                0x08004450                HAL_UART_TxCpltCallback
 .text.HAL_UART_ErrorCallback
                0x08004464       0x14 ./Drivers/STM32F4xx_HAL_Driver/Src/stm32f4xx_hal_uart.o
                0x08004464                HAL_UART_ErrorCallback
 .text.HAL_UART_GetState
                0x08004478       0x3c ./Drivers/STM32F4xx_HAL_Driver/Src/stm32f4xx_hal_uart.o
                0x08004478                HAL_UART_GetState
 .text.UART_EndRxTransfer
                0x080044b4       0x3c ./Drivers/STM32F4xx_HAL_Driver/Src/stm32f4xx_hal_uart.o
 .text.UART_DMAAbortOnError
                0x080044f0       0x28 ./Drivers/STM32F4xx_HAL_Driver/Src/stm32f4xx_hal_uart.o
 .text.UART_Transmit_IT
                0x08004518       0xac ./Drivers/STM32F4xx_HAL_Driver/Src/stm32f4xx_hal_uart.o
 .text.UART_EndTransmit_IT
                0x080045c4       0x30 ./Drivers/STM32F4xx_HAL_Driver/Src/stm32f4xx_hal_uart.o
 .text.UART_Receive_IT
                0x080045f4      0x102 ./Drivers/STM32F4xx_HAL_Driver/Src/stm32f4xx_hal_uart.o
 *fill*         0x080046f6        0x2 
 .text.UART_SetConfig
                0x080046f8      0x9a0 ./Drivers/STM32F4xx_HAL_Driver/Src/stm32f4xx_hal_uart.o
 .text.FSMC_NORSRAM_Init
                0x08005098       0xa4 ./Drivers/STM32F4xx_HAL_Driver/Src/stm32f4xx_ll_fsmc.o
                0x08005098                FSMC_NORSRAM_Init
 .text.FSMC_NORSRAM_Timing_Init
                0x0800513c       0x7a ./Drivers/STM32F4xx_HAL_Driver/Src/stm32f4xx_ll_fsmc.o
                0x0800513c                FSMC_NORSRAM_Timing_Init
 *fill*         0x080051b6        0x2 
 .text.FSMC_NORSRAM_Extended_Timing_Init
                0x080051b8       0x80 ./Drivers/STM32F4xx_HAL_Driver/Src/stm32f4xx_ll_fsmc.o
                0x080051b8                FSMC_NORSRAM_Extended_Timing_Init
 .text.std      0x08005238       0x6c D:/ST/STM32CubeIDE_1.16.0/STM32CubeIDE/plugins/com.st.stm32cube.ide.mcu.externaltools.gnu-tools-for-stm32.12.3.rel1.win32_1.0.200.202406191623/tools/bin/../lib/gcc/arm-none-eabi/12.3.1/../../../../arm-none-eabi/lib/thumb/v7e-m+fp/hard\libc_nano.a(libc_a-findfp.o)
 .text.stdio_exit_handler
                0x080052a4       0x18 D:/ST/STM32CubeIDE_1.16.0/STM32CubeIDE/plugins/com.st.stm32cube.ide.mcu.externaltools.gnu-tools-for-stm32.12.3.rel1.win32_1.0.200.202406191623/tools/bin/../lib/gcc/arm-none-eabi/12.3.1/../../../../arm-none-eabi/lib/thumb/v7e-m+fp/hard\libc_nano.a(libc_a-findfp.o)
 .text.cleanup_stdio
                0x080052bc       0x40 D:/ST/STM32CubeIDE_1.16.0/STM32CubeIDE/plugins/com.st.stm32cube.ide.mcu.externaltools.gnu-tools-for-stm32.12.3.rel1.win32_1.0.200.202406191623/tools/bin/../lib/gcc/arm-none-eabi/12.3.1/../../../../arm-none-eabi/lib/thumb/v7e-m+fp/hard\libc_nano.a(libc_a-findfp.o)
 .text.global_stdio_init.part.0
                0x080052fc       0x3c D:/ST/STM32CubeIDE_1.16.0/STM32CubeIDE/plugins/com.st.stm32cube.ide.mcu.externaltools.gnu-tools-for-stm32.12.3.rel1.win32_1.0.200.202406191623/tools/bin/../lib/gcc/arm-none-eabi/12.3.1/../../../../arm-none-eabi/lib/thumb/v7e-m+fp/hard\libc_nano.a(libc_a-findfp.o)
 .text.__sfp_lock_acquire
                0x08005338        0xc D:/ST/STM32CubeIDE_1.16.0/STM32CubeIDE/plugins/com.st.stm32cube.ide.mcu.externaltools.gnu-tools-for-stm32.12.3.rel1.win32_1.0.200.202406191623/tools/bin/../lib/gcc/arm-none-eabi/12.3.1/../../../../arm-none-eabi/lib/thumb/v7e-m+fp/hard\libc_nano.a(libc_a-findfp.o)
                0x08005338                __sfp_lock_acquire
 .text.__sfp_lock_release
                0x08005344        0xc D:/ST/STM32CubeIDE_1.16.0/STM32CubeIDE/plugins/com.st.stm32cube.ide.mcu.externaltools.gnu-tools-for-stm32.12.3.rel1.win32_1.0.200.202406191623/tools/bin/../lib/gcc/arm-none-eabi/12.3.1/../../../../arm-none-eabi/lib/thumb/v7e-m+fp/hard\libc_nano.a(libc_a-findfp.o)
                0x08005344                __sfp_lock_release
 .text.__sinit  0x08005350       0x30 D:/ST/STM32CubeIDE_1.16.0/STM32CubeIDE/plugins/com.st.stm32cube.ide.mcu.externaltools.gnu-tools-for-stm32.12.3.rel1.win32_1.0.200.202406191623/tools/bin/../lib/gcc/arm-none-eabi/12.3.1/../../../../arm-none-eabi/lib/thumb/v7e-m+fp/hard\libc_nano.a(libc_a-findfp.o)
                0x08005350                __sinit
 .text._fwalk_sglue
                0x08005380       0x3c D:/ST/STM32CubeIDE_1.16.0/STM32CubeIDE/plugins/com.st.stm32cube.ide.mcu.externaltools.gnu-tools-for-stm32.12.3.rel1.win32_1.0.200.202406191623/tools/bin/../lib/gcc/arm-none-eabi/12.3.1/../../../../arm-none-eabi/lib/thumb/v7e-m+fp/hard\libc_nano.a(libc_a-fwalk.o)
                0x08005380                _fwalk_sglue
 .text.printf   0x080053bc       0x24 D:/ST/STM32CubeIDE_1.16.0/STM32CubeIDE/plugins/com.st.stm32cube.ide.mcu.externaltools.gnu-tools-for-stm32.12.3.rel1.win32_1.0.200.202406191623/tools/bin/../lib/gcc/arm-none-eabi/12.3.1/../../../../arm-none-eabi/lib/thumb/v7e-m+fp/hard\libc_nano.a(libc_a-printf.o)
                0x080053bc                iprintf
                0x080053bc                printf
 .text.__sread  0x080053e0       0x22 D:/ST/STM32CubeIDE_1.16.0/STM32CubeIDE/plugins/com.st.stm32cube.ide.mcu.externaltools.gnu-tools-for-stm32.12.3.rel1.win32_1.0.200.202406191623/tools/bin/../lib/gcc/arm-none-eabi/12.3.1/../../../../arm-none-eabi/lib/thumb/v7e-m+fp/hard\libc_nano.a(libc_a-stdio.o)
                0x080053e0                __sread
 .text.__swrite
                0x08005402       0x38 D:/ST/STM32CubeIDE_1.16.0/STM32CubeIDE/plugins/com.st.stm32cube.ide.mcu.externaltools.gnu-tools-for-stm32.12.3.rel1.win32_1.0.200.202406191623/tools/bin/../lib/gcc/arm-none-eabi/12.3.1/../../../../arm-none-eabi/lib/thumb/v7e-m+fp/hard\libc_nano.a(libc_a-stdio.o)
                0x08005402                __swrite
 .text.__sseek  0x0800543a       0x24 D:/ST/STM32CubeIDE_1.16.0/STM32CubeIDE/plugins/com.st.stm32cube.ide.mcu.externaltools.gnu-tools-for-stm32.12.3.rel1.win32_1.0.200.202406191623/tools/bin/../lib/gcc/arm-none-eabi/12.3.1/../../../../arm-none-eabi/lib/thumb/v7e-m+fp/hard\libc_nano.a(libc_a-stdio.o)
                0x0800543a                __sseek
 .text.__sclose
                0x0800545e        0x8 D:/ST/STM32CubeIDE_1.16.0/STM32CubeIDE/plugins/com.st.stm32cube.ide.mcu.externaltools.gnu-tools-for-stm32.12.3.rel1.win32_1.0.200.202406191623/tools/bin/../lib/gcc/arm-none-eabi/12.3.1/../../../../arm-none-eabi/lib/thumb/v7e-m+fp/hard\libc_nano.a(libc_a-stdio.o)
                0x0800545e                __sclose
 .text.memset   0x08005466       0x10 D:/ST/STM32CubeIDE_1.16.0/STM32CubeIDE/plugins/com.st.stm32cube.ide.mcu.externaltools.gnu-tools-for-stm32.12.3.rel1.win32_1.0.200.202406191623/tools/bin/../lib/gcc/arm-none-eabi/12.3.1/../../../../arm-none-eabi/lib/thumb/v7e-m+fp/hard\libc_nano.a(libc_a-memset.o)
                0x08005466                memset
 *fill*         0x08005476        0x2 
 .text._close_r
                0x08005478       0x20 D:/ST/STM32CubeIDE_1.16.0/STM32CubeIDE/plugins/com.st.stm32cube.ide.mcu.externaltools.gnu-tools-for-stm32.12.3.rel1.win32_1.0.200.202406191623/tools/bin/../lib/gcc/arm-none-eabi/12.3.1/../../../../arm-none-eabi/lib/thumb/v7e-m+fp/hard\libc_nano.a(libc_a-closer.o)
                0x08005478                _close_r
 .text._lseek_r
                0x08005498       0x24 D:/ST/STM32CubeIDE_1.16.0/STM32CubeIDE/plugins/com.st.stm32cube.ide.mcu.externaltools.gnu-tools-for-stm32.12.3.rel1.win32_1.0.200.202406191623/tools/bin/../lib/gcc/arm-none-eabi/12.3.1/../../../../arm-none-eabi/lib/thumb/v7e-m+fp/hard\libc_nano.a(libc_a-lseekr.o)
                0x08005498                _lseek_r
 .text._read_r  0x080054bc       0x24 D:/ST/STM32CubeIDE_1.16.0/STM32CubeIDE/plugins/com.st.stm32cube.ide.mcu.externaltools.gnu-tools-for-stm32.12.3.rel1.win32_1.0.200.202406191623/tools/bin/../lib/gcc/arm-none-eabi/12.3.1/../../../../arm-none-eabi/lib/thumb/v7e-m+fp/hard\libc_nano.a(libc_a-readr.o)
                0x080054bc                _read_r
 .text._write_r
                0x080054e0       0x24 D:/ST/STM32CubeIDE_1.16.0/STM32CubeIDE/plugins/com.st.stm32cube.ide.mcu.externaltools.gnu-tools-for-stm32.12.3.rel1.win32_1.0.200.202406191623/tools/bin/../lib/gcc/arm-none-eabi/12.3.1/../../../../arm-none-eabi/lib/thumb/v7e-m+fp/hard\libc_nano.a(libc_a-writer.o)
                0x080054e0                _write_r
 .text.__libc_init_array
                0x08005504       0x48 D:/ST/STM32CubeIDE_1.16.0/STM32CubeIDE/plugins/com.st.stm32cube.ide.mcu.externaltools.gnu-tools-for-stm32.12.3.rel1.win32_1.0.200.202406191623/tools/bin/../lib/gcc/arm-none-eabi/12.3.1/../../../../arm-none-eabi/lib/thumb/v7e-m+fp/hard\libc_nano.a(libc_a-init.o)
                0x08005504                __libc_init_array
 .text.__retarget_lock_init_recursive
                0x0800554c        0x2 D:/ST/STM32CubeIDE_1.16.0/STM32CubeIDE/plugins/com.st.stm32cube.ide.mcu.externaltools.gnu-tools-for-stm32.12.3.rel1.win32_1.0.200.202406191623/tools/bin/../lib/gcc/arm-none-eabi/12.3.1/../../../../arm-none-eabi/lib/thumb/v7e-m+fp/hard\libc_nano.a(libc_a-lock.o)
                0x0800554c                __retarget_lock_init_recursive
 .text.__retarget_lock_acquire_recursive
                0x0800554e        0x2 D:/ST/STM32CubeIDE_1.16.0/STM32CubeIDE/plugins/com.st.stm32cube.ide.mcu.externaltools.gnu-tools-for-stm32.12.3.rel1.win32_1.0.200.202406191623/tools/bin/../lib/gcc/arm-none-eabi/12.3.1/../../../../arm-none-eabi/lib/thumb/v7e-m+fp/hard\libc_nano.a(libc_a-lock.o)
                0x0800554e                __retarget_lock_acquire_recursive
 .text.__retarget_lock_release_recursive
                0x08005550        0x2 D:/ST/STM32CubeIDE_1.16.0/STM32CubeIDE/plugins/com.st.stm32cube.ide.mcu.externaltools.gnu-tools-for-stm32.12.3.rel1.win32_1.0.200.202406191623/tools/bin/../lib/gcc/arm-none-eabi/12.3.1/../../../../arm-none-eabi/lib/thumb/v7e-m+fp/hard\libc_nano.a(libc_a-lock.o)
                0x08005550                __retarget_lock_release_recursive
 *fill*         0x08005552        0x2 
 .text._free_r  0x08005554       0x94 D:/ST/STM32CubeIDE_1.16.0/STM32CubeIDE/plugins/com.st.stm32cube.ide.mcu.externaltools.gnu-tools-for-stm32.12.3.rel1.win32_1.0.200.202406191623/tools/bin/../lib/gcc/arm-none-eabi/12.3.1/../../../../arm-none-eabi/lib/thumb/v7e-m+fp/hard\libc_nano.a(libc_a-freer.o)
                0x08005554                _free_r
 .text.sbrk_aligned
                0x080055e8       0x44 D:/ST/STM32CubeIDE_1.16.0/STM32CubeIDE/plugins/com.st.stm32cube.ide.mcu.externaltools.gnu-tools-for-stm32.12.3.rel1.win32_1.0.200.202406191623/tools/bin/../lib/gcc/arm-none-eabi/12.3.1/../../../../arm-none-eabi/lib/thumb/v7e-m+fp/hard\libc_nano.a(libc_a-mallocr.o)
 .text._malloc_r
                0x0800562c      0x100 D:/ST/STM32CubeIDE_1.16.0/STM32CubeIDE/plugins/com.st.stm32cube.ide.mcu.externaltools.gnu-tools-for-stm32.12.3.rel1.win32_1.0.200.202406191623/tools/bin/../lib/gcc/arm-none-eabi/12.3.1/../../../../arm-none-eabi/lib/thumb/v7e-m+fp/hard\libc_nano.a(libc_a-mallocr.o)
                0x0800562c                _malloc_r
 .text.__malloc_lock
                0x0800572c        0xc D:/ST/STM32CubeIDE_1.16.0/STM32CubeIDE/plugins/com.st.stm32cube.ide.mcu.externaltools.gnu-tools-for-stm32.12.3.rel1.win32_1.0.200.202406191623/tools/bin/../lib/gcc/arm-none-eabi/12.3.1/../../../../arm-none-eabi/lib/thumb/v7e-m+fp/hard\libc_nano.a(libc_a-mlock.o)
                0x0800572c                __malloc_lock
 .text.__malloc_unlock
                0x08005738        0xc D:/ST/STM32CubeIDE_1.16.0/STM32CubeIDE/plugins/com.st.stm32cube.ide.mcu.externaltools.gnu-tools-for-stm32.12.3.rel1.win32_1.0.200.202406191623/tools/bin/../lib/gcc/arm-none-eabi/12.3.1/../../../../arm-none-eabi/lib/thumb/v7e-m+fp/hard\libc_nano.a(libc_a-mlock.o)
                0x08005738                __malloc_unlock
 .text.__sfputc_r
                0x08005744       0x2e D:/ST/STM32CubeIDE_1.16.0/STM32CubeIDE/plugins/com.st.stm32cube.ide.mcu.externaltools.gnu-tools-for-stm32.12.3.rel1.win32_1.0.200.202406191623/tools/bin/../lib/gcc/arm-none-eabi/12.3.1/../../../../arm-none-eabi/lib/thumb/v7e-m+fp/hard\libc_nano.a(libc_a-nano-vfprintf.o)
 .text.__sfputs_r
                0x08005772       0x24 D:/ST/STM32CubeIDE_1.16.0/STM32CubeIDE/plugins/com.st.stm32cube.ide.mcu.externaltools.gnu-tools-for-stm32.12.3.rel1.win32_1.0.200.202406191623/tools/bin/../lib/gcc/arm-none-eabi/12.3.1/../../../../arm-none-eabi/lib/thumb/v7e-m+fp/hard\libc_nano.a(libc_a-nano-vfprintf.o)
                0x08005772                __sfputs_r
 *fill*         0x08005796        0x2 
 .text._vfprintf_r
                0x08005798      0x230 D:/ST/STM32CubeIDE_1.16.0/STM32CubeIDE/plugins/com.st.stm32cube.ide.mcu.externaltools.gnu-tools-for-stm32.12.3.rel1.win32_1.0.200.202406191623/tools/bin/../lib/gcc/arm-none-eabi/12.3.1/../../../../arm-none-eabi/lib/thumb/v7e-m+fp/hard\libc_nano.a(libc_a-nano-vfprintf.o)
                0x08005798                _vfprintf_r
                0x08005798                _vfiprintf_r
 .text._printf_common
                0x080059c8       0xda D:/ST/STM32CubeIDE_1.16.0/STM32CubeIDE/plugins/com.st.stm32cube.ide.mcu.externaltools.gnu-tools-for-stm32.12.3.rel1.win32_1.0.200.202406191623/tools/bin/../lib/gcc/arm-none-eabi/12.3.1/../../../../arm-none-eabi/lib/thumb/v7e-m+fp/hard\libc_nano.a(libc_a-nano-vfprintf_i.o)
                0x080059c8                _printf_common
 *fill*         0x08005aa2        0x2 
 .text._printf_i
                0x08005aa4      0x240 D:/ST/STM32CubeIDE_1.16.0/STM32CubeIDE/plugins/com.st.stm32cube.ide.mcu.externaltools.gnu-tools-for-stm32.12.3.rel1.win32_1.0.200.202406191623/tools/bin/../lib/gcc/arm-none-eabi/12.3.1/../../../../arm-none-eabi/lib/thumb/v7e-m+fp/hard\libc_nano.a(libc_a-nano-vfprintf_i.o)
                0x08005aa4                _printf_i
 .text.__sflush_r
                0x08005ce4      0x108 D:/ST/STM32CubeIDE_1.16.0/STM32CubeIDE/plugins/com.st.stm32cube.ide.mcu.externaltools.gnu-tools-for-stm32.12.3.rel1.win32_1.0.200.202406191623/tools/bin/../lib/gcc/arm-none-eabi/12.3.1/../../../../arm-none-eabi/lib/thumb/v7e-m+fp/hard\libc_nano.a(libc_a-fflush.o)
                0x08005ce4                __sflush_r
 .text._fflush_r
                0x08005dec       0x50 D:/ST/STM32CubeIDE_1.16.0/STM32CubeIDE/plugins/com.st.stm32cube.ide.mcu.externaltools.gnu-tools-for-stm32.12.3.rel1.win32_1.0.200.202406191623/tools/bin/../lib/gcc/arm-none-eabi/12.3.1/../../../../arm-none-eabi/lib/thumb/v7e-m+fp/hard\libc_nano.a(libc_a-fflush.o)
                0x08005dec                _fflush_r
 .text.__swbuf_r
                0x08005e3c       0x7c D:/ST/STM32CubeIDE_1.16.0/STM32CubeIDE/plugins/com.st.stm32cube.ide.mcu.externaltools.gnu-tools-for-stm32.12.3.rel1.win32_1.0.200.202406191623/tools/bin/../lib/gcc/arm-none-eabi/12.3.1/../../../../arm-none-eabi/lib/thumb/v7e-m+fp/hard\libc_nano.a(libc_a-wbuf.o)
                0x08005e3c                __swbuf_r
 .text.__swsetup_r
                0x08005eb8       0xac D:/ST/STM32CubeIDE_1.16.0/STM32CubeIDE/plugins/com.st.stm32cube.ide.mcu.externaltools.gnu-tools-for-stm32.12.3.rel1.win32_1.0.200.202406191623/tools/bin/../lib/gcc/arm-none-eabi/12.3.1/../../../../arm-none-eabi/lib/thumb/v7e-m+fp/hard\libc_nano.a(libc_a-wsetup.o)
                0x08005eb8                __swsetup_r
 .text._sbrk_r  0x08005f64       0x20 D:/ST/STM32CubeIDE_1.16.0/STM32CubeIDE/plugins/com.st.stm32cube.ide.mcu.externaltools.gnu-tools-for-stm32.12.3.rel1.win32_1.0.200.202406191623/tools/bin/../lib/gcc/arm-none-eabi/12.3.1/../../../../arm-none-eabi/lib/thumb/v7e-m+fp/hard\libc_nano.a(libc_a-sbrkr.o)
                0x08005f64                _sbrk_r
 .text.__swhatbuf_r
                0x08005f84       0x4c D:/ST/STM32CubeIDE_1.16.0/STM32CubeIDE/plugins/com.st.stm32cube.ide.mcu.externaltools.gnu-tools-for-stm32.12.3.rel1.win32_1.0.200.202406191623/tools/bin/../lib/gcc/arm-none-eabi/12.3.1/../../../../arm-none-eabi/lib/thumb/v7e-m+fp/hard\libc_nano.a(libc_a-makebuf.o)
                0x08005f84                __swhatbuf_r
 .text.__smakebuf_r
                0x08005fd0       0x78 D:/ST/STM32CubeIDE_1.16.0/STM32CubeIDE/plugins/com.st.stm32cube.ide.mcu.externaltools.gnu-tools-for-stm32.12.3.rel1.win32_1.0.200.202406191623/tools/bin/../lib/gcc/arm-none-eabi/12.3.1/../../../../arm-none-eabi/lib/thumb/v7e-m+fp/hard\libc_nano.a(libc_a-makebuf.o)
                0x08005fd0                __smakebuf_r
 .text._fstat_r
                0x08006048       0x24 D:/ST/STM32CubeIDE_1.16.0/STM32CubeIDE/plugins/com.st.stm32cube.ide.mcu.externaltools.gnu-tools-for-stm32.12.3.rel1.win32_1.0.200.202406191623/tools/bin/../lib/gcc/arm-none-eabi/12.3.1/../../../../arm-none-eabi/lib/thumb/v7e-m+fp/hard\libc_nano.a(libc_a-fstatr.o)
                0x08006048                _fstat_r
 .text._isatty_r
                0x0800606c       0x20 D:/ST/STM32CubeIDE_1.16.0/STM32CubeIDE/plugins/com.st.stm32cube.ide.mcu.externaltools.gnu-tools-for-stm32.12.3.rel1.win32_1.0.200.202406191623/tools/bin/../lib/gcc/arm-none-eabi/12.3.1/../../../../arm-none-eabi/lib/thumb/v7e-m+fp/hard\libc_nano.a(libc_a-isattyr.o)
                0x0800606c                _isatty_r
 .text._sbrk    0x0800608c       0x1c D:/ST/STM32CubeIDE_1.16.0/STM32CubeIDE/plugins/com.st.stm32cube.ide.mcu.externaltools.gnu-tools-for-stm32.12.3.rel1.win32_1.0.200.202406191623/tools/bin/../lib/gcc/arm-none-eabi/12.3.1/../../../../arm-none-eabi/lib/thumb/v7e-m+fp/hard\libnosys.a(sbrk.o)
                0x0800608c                _sbrk
 *(.glue_7)
 .glue_7        0x080060a8        0x0 linker stubs
 *(.glue_7t)
 .glue_7t       0x080060a8        0x0 linker stubs
 *(.eh_frame)
 .eh_frame      0x080060a8        0x0 D:/ST/STM32CubeIDE_1.16.0/STM32CubeIDE/plugins/com.st.stm32cube.ide.mcu.externaltools.gnu-tools-for-stm32.12.3.rel1.win32_1.0.200.202406191623/tools/bin/../lib/gcc/arm-none-eabi/12.3.1/thumb/v7e-m+fp/hard/crtbegin.o
 *(.init)
 .init          0x080060a8        0x4 D:/ST/STM32CubeIDE_1.16.0/STM32CubeIDE/plugins/com.st.stm32cube.ide.mcu.externaltools.gnu-tools-for-stm32.12.3.rel1.win32_1.0.200.202406191623/tools/bin/../lib/gcc/arm-none-eabi/12.3.1/thumb/v7e-m+fp/hard/crti.o
                0x080060a8                _init
 .init          0x080060ac        0x8 D:/ST/STM32CubeIDE_1.16.0/STM32CubeIDE/plugins/com.st.stm32cube.ide.mcu.externaltools.gnu-tools-for-stm32.12.3.rel1.win32_1.0.200.202406191623/tools/bin/../lib/gcc/arm-none-eabi/12.3.1/thumb/v7e-m+fp/hard/crtn.o
 *(.fini)
 .fini          0x080060b4        0x4 D:/ST/STM32CubeIDE_1.16.0/STM32CubeIDE/plugins/com.st.stm32cube.ide.mcu.externaltools.gnu-tools-for-stm32.12.3.rel1.win32_1.0.200.202406191623/tools/bin/../lib/gcc/arm-none-eabi/12.3.1/thumb/v7e-m+fp/hard/crti.o
                0x080060b4                _fini
 .fini          0x080060b8        0x8 D:/ST/STM32CubeIDE_1.16.0/STM32CubeIDE/plugins/com.st.stm32cube.ide.mcu.externaltools.gnu-tools-for-stm32.12.3.rel1.win32_1.0.200.202406191623/tools/bin/../lib/gcc/arm-none-eabi/12.3.1/thumb/v7e-m+fp/hard/crtn.o
                0x080060c0                        . = ALIGN (0x4)
                0x080060c0                        _etext = .

.vfp11_veneer   0x080060c0        0x0
 .vfp11_veneer  0x080060c0        0x0 linker stubs

.v4_bx          0x080060c0        0x0
 .v4_bx         0x080060c0        0x0 linker stubs

.iplt           0x080060c0        0x0
 .iplt          0x080060c0        0x0 D:/ST/STM32CubeIDE_1.16.0/STM32CubeIDE/plugins/com.st.stm32cube.ide.mcu.externaltools.gnu-tools-for-stm32.12.3.rel1.win32_1.0.200.202406191623/tools/bin/../lib/gcc/arm-none-eabi/12.3.1/thumb/v7e-m+fp/hard/crtbegin.o

.rodata         0x080060c0     0x1844
                0x080060c0                        . = ALIGN (0x4)
 *(.rodata)
 .rodata        0x080060c0       0x28 ./Core/Src/main.o
 .rodata        0x080060e8        0xd ./Core/Src/tftlcd.o
 *(.rodata*)
 *fill*         0x080060f5        0x3 
 .rodata.AHBPrescTable
                0x080060f8       0x10 ./Core/Src/system_stm32f4xx.o
                0x080060f8                AHBPrescTable
 .rodata.APBPrescTable
                0x08006108        0x8 ./Core/Src/system_stm32f4xx.o
                0x08006108                APBPrescTable
 .rodata.ascii_1206
                0x08006110      0x474 ./Core/Src/tftlcd.o
                0x08006110                ascii_1206
 .rodata.ascii_1608
                0x08006584      0x5f0 ./Core/Src/tftlcd.o
                0x08006584                ascii_1608
 .rodata.ascii_2412
                0x08006b74      0xd5c ./Core/Src/tftlcd.o
                0x08006b74                ascii_2412
 .rodata._vfprintf_r.str1.1
                0x080078d0       0x11 D:/ST/STM32CubeIDE_1.16.0/STM32CubeIDE/plugins/com.st.stm32cube.ide.mcu.externaltools.gnu-tools-for-stm32.12.3.rel1.win32_1.0.200.202406191623/tools/bin/../lib/gcc/arm-none-eabi/12.3.1/../../../../arm-none-eabi/lib/thumb/v7e-m+fp/hard\libc_nano.a(libc_a-nano-vfprintf.o)
 .rodata._printf_i.str1.1
                0x080078e1       0x22 D:/ST/STM32CubeIDE_1.16.0/STM32CubeIDE/plugins/com.st.stm32cube.ide.mcu.externaltools.gnu-tools-for-stm32.12.3.rel1.win32_1.0.200.202406191623/tools/bin/../lib/gcc/arm-none-eabi/12.3.1/../../../../arm-none-eabi/lib/thumb/v7e-m+fp/hard\libc_nano.a(libc_a-nano-vfprintf_i.o)
                0x08007904                        . = ALIGN (0x4)
 *fill*         0x08007903        0x1 

.ARM.extab      0x08007904        0x0
                0x08007904                        . = ALIGN (0x4)
 *(.ARM.extab* .gnu.linkonce.armextab.*)
                0x08007904                        . = ALIGN (0x4)

.ARM            0x08007904        0x8
                0x08007904                        . = ALIGN (0x4)
                0x08007904                        __exidx_start = .
 *(.ARM.exidx*)
 .ARM.exidx     0x08007904        0x8 D:/ST/STM32CubeIDE_1.16.0/STM32CubeIDE/plugins/com.st.stm32cube.ide.mcu.externaltools.gnu-tools-for-stm32.12.3.rel1.win32_1.0.200.202406191623/tools/bin/../lib/gcc/arm-none-eabi/12.3.1/../../../../arm-none-eabi/lib/thumb/v7e-m+fp/hard\libc_nano.a(libc_a-memchr.o)
 .ARM.exidx     0x0800790c        0x0 D:/ST/STM32CubeIDE_1.16.0/STM32CubeIDE/plugins/com.st.stm32cube.ide.mcu.externaltools.gnu-tools-for-stm32.12.3.rel1.win32_1.0.200.202406191623/tools/bin/../lib/gcc/arm-none-eabi/12.3.1/thumb/v7e-m+fp/hard\libgcc.a(_udivmoddi4.o)
                                  0x8 (size before relaxing)
                0x0800790c                        __exidx_end = .
                0x0800790c                        . = ALIGN (0x4)

.rel.dyn        0x0800790c        0x0
 .rel.iplt      0x0800790c        0x0 D:/ST/STM32CubeIDE_1.16.0/STM32CubeIDE/plugins/com.st.stm32cube.ide.mcu.externaltools.gnu-tools-for-stm32.12.3.rel1.win32_1.0.200.202406191623/tools/bin/../lib/gcc/arm-none-eabi/12.3.1/thumb/v7e-m+fp/hard/crtbegin.o

.preinit_array  0x0800790c        0x0
                0x0800790c                        . = ALIGN (0x4)
                0x0800790c                        PROVIDE (__preinit_array_start = .)
 *(.preinit_array*)
                0x0800790c                        PROVIDE (__preinit_array_end = .)
                0x0800790c                        . = ALIGN (0x4)

.init_array     0x0800790c        0x4
                0x0800790c                        . = ALIGN (0x4)
                0x0800790c                        PROVIDE (__init_array_start = .)
 *(SORT_BY_NAME(.init_array.*))
 *(.init_array*)
 .init_array    0x0800790c        0x4 D:/ST/STM32CubeIDE_1.16.0/STM32CubeIDE/plugins/com.st.stm32cube.ide.mcu.externaltools.gnu-tools-for-stm32.12.3.rel1.win32_1.0.200.202406191623/tools/bin/../lib/gcc/arm-none-eabi/12.3.1/thumb/v7e-m+fp/hard/crtbegin.o
                0x08007910                        PROVIDE (__init_array_end = .)
                0x08007910                        . = ALIGN (0x4)

.fini_array     0x08007910        0x4
                0x08007910                        . = ALIGN (0x4)
                [!provide]                        PROVIDE (__fini_array_start = .)
 *(SORT_BY_NAME(.fini_array.*))
 *(.fini_array*)
 .fini_array    0x08007910        0x4 D:/ST/STM32CubeIDE_1.16.0/STM32CubeIDE/plugins/com.st.stm32cube.ide.mcu.externaltools.gnu-tools-for-stm32.12.3.rel1.win32_1.0.200.202406191623/tools/bin/../lib/gcc/arm-none-eabi/12.3.1/thumb/v7e-m+fp/hard/crtbegin.o
                [!provide]                        PROVIDE (__fini_array_end = .)
                0x08007914                        . = ALIGN (0x4)
                0x08007914                        _sidata = LOADADDR (.data)

.data           0x20000000       0x7c load address 0x08007914
                0x20000000                        . = ALIGN (0x4)
                0x20000000                        _sdata = .
 *(.data)
 *(.data*)
 .data.key.0    0x20000000        0x1 ./Core/Src/key.o
 *fill*         0x20000001        0x3 
 .data.servo_angle
                0x20000004        0x8 ./Core/Src/servo.o
                0x20000004                servo_angle
 .data.Kp       0x2000000c        0x4 ./Core/Src/servo.o
                0x2000000c                Kp
 .data.SystemCoreClock
                0x20000010        0x4 ./Core/Src/system_stm32f4xx.o
                0x20000010                SystemCoreClock
 .data.BACK_COLOR
                0x20000014        0x2 ./Core/Src/tftlcd.o
                0x20000014                BACK_COLOR
 *fill*         0x20000016        0x2 
 .data.uwTickPrio
                0x20000018        0x4 ./Drivers/STM32F4xx_HAL_Driver/Src/stm32f4xx_hal.o
                0x20000018                uwTickPrio
 .data.uwTickFreq
                0x2000001c        0x1 ./Drivers/STM32F4xx_HAL_Driver/Src/stm32f4xx_hal.o
                0x2000001c                uwTickFreq
 *fill*         0x2000001d        0x3 
 .data.__sglue  0x20000020        0xc D:/ST/STM32CubeIDE_1.16.0/STM32CubeIDE/plugins/com.st.stm32cube.ide.mcu.externaltools.gnu-tools-for-stm32.12.3.rel1.win32_1.0.200.202406191623/tools/bin/../lib/gcc/arm-none-eabi/12.3.1/../../../../arm-none-eabi/lib/thumb/v7e-m+fp/hard\libc_nano.a(libc_a-findfp.o)
                0x20000020                __sglue
 .data._impure_ptr
                0x2000002c        0x4 D:/ST/STM32CubeIDE_1.16.0/STM32CubeIDE/plugins/com.st.stm32cube.ide.mcu.externaltools.gnu-tools-for-stm32.12.3.rel1.win32_1.0.200.202406191623/tools/bin/../lib/gcc/arm-none-eabi/12.3.1/../../../../arm-none-eabi/lib/thumb/v7e-m+fp/hard\libc_nano.a(libc_a-impure.o)
                0x2000002c                _impure_ptr
 .data._impure_data
                0x20000030       0x4c D:/ST/STM32CubeIDE_1.16.0/STM32CubeIDE/plugins/com.st.stm32cube.ide.mcu.externaltools.gnu-tools-for-stm32.12.3.rel1.win32_1.0.200.202406191623/tools/bin/../lib/gcc/arm-none-eabi/12.3.1/../../../../arm-none-eabi/lib/thumb/v7e-m+fp/hard\libc_nano.a(libc_a-impure.o)
                0x20000030                _impure_data
 *(.RamFunc)
 *(.RamFunc*)
                0x2000007c                        . = ALIGN (0x4)
                0x2000007c                        _edata = .
                0x08007990                        _siccmram = LOADADDR (.ccmram)

.igot.plt       0x2000007c        0x0 load address 0x08007990
 .igot.plt      0x2000007c        0x0 D:/ST/STM32CubeIDE_1.16.0/STM32CubeIDE/plugins/com.st.stm32cube.ide.mcu.externaltools.gnu-tools-for-stm32.12.3.rel1.win32_1.0.200.202406191623/tools/bin/../lib/gcc/arm-none-eabi/12.3.1/thumb/v7e-m+fp/hard/crtbegin.o

.ccmram         0x10000000        0x0 load address 0x08007990
                0x10000000                        . = ALIGN (0x4)
                0x10000000                        _sccmram = .
 *(.ccmram)
 *(.ccmram*)
                0x10000000                        . = ALIGN (0x4)
                0x10000000                        _eccmram = .
                0x10000000                        . = ALIGN (0x4)

.bss            0x2000007c      0x3f4
                0x2000007c                        _sbss = .
                0x2000007c                        __bss_start__ = _sbss
 *(.bss)
 .bss           0x2000007c       0x1c D:/ST/STM32CubeIDE_1.16.0/STM32CubeIDE/plugins/com.st.stm32cube.ide.mcu.externaltools.gnu-tools-for-stm32.12.3.rel1.win32_1.0.200.202406191623/tools/bin/../lib/gcc/arm-none-eabi/12.3.1/thumb/v7e-m+fp/hard/crtbegin.o
 *(.bss*)
 .bss.fac_us    0x20000098        0x4 ./Core/Src/SysTick.o
 .bss.lighton   0x2000009c        0x4 ./Core/Src/main.o
                0x2000009c                lighton
 .bss.hitflag   0x200000a0        0x4 ./Core/Src/servo.o
                0x200000a0                hitflag
 .bss.lasthitflag
                0x200000a4        0x4 ./Core/Src/servo.o
                0x200000a4                lasthitflag
 .bss.lastopenmv
                0x200000a8        0x4 ./Core/Src/servo.o
                0x200000a8                lastopenmv
 .bss.targetX   0x200000ac        0x4 ./Core/Src/servo.o
                0x200000ac                targetX
 .bss.targetY   0x200000b0        0x4 ./Core/Src/servo.o
                0x200000b0                targetY
 .bss.laserX    0x200000b4        0x4 ./Core/Src/servo.o
                0x200000b4                laserX
 .bss.laserY    0x200000b8        0x4 ./Core/Src/servo.o
                0x200000b8                laserY
 .bss.Ki        0x200000bc        0x4 ./Core/Src/servo.o
                0x200000bc                Ki
 .bss.Kd        0x200000c0        0x4 ./Core/Src/servo.o
                0x200000c0                Kd
 .bss.panErrorSum
                0x200000c4        0x4 ./Core/Src/servo.o
                0x200000c4                panErrorSum
 .bss.tiltErrorSum
                0x200000c8        0x4 ./Core/Src/servo.o
                0x200000c8                tiltErrorSum
 .bss.lastPanError
                0x200000cc        0x4 ./Core/Src/servo.o
                0x200000cc                lastPanError
 .bss.lastTiltError
                0x200000d0        0x4 ./Core/Src/servo.o
                0x200000d0                lastTiltError
 .bss.TIM9_Handler
                0x200000d4       0x48 ./Core/Src/servopwm.o
                0x200000d4                TIM9_Handler
 .bss.TIM9_CH1Handler
                0x2000011c       0x1c ./Core/Src/servopwm.o
                0x2000011c                TIM9_CH1Handler
 .bss.TIM9_CH2Handler
                0x20000138       0x1c ./Core/Src/servopwm.o
                0x20000138                TIM9_CH2Handler
 .bss.TFTSRAM_Handler
                0x20000154       0x50 ./Core/Src/tftlcd.o
                0x20000154                TFTSRAM_Handler
 .bss.FRONT_COLOR
                0x200001a4        0x2 ./Core/Src/tftlcd.o
                0x200001a4                FRONT_COLOR
 *fill*         0x200001a6        0x2 
 .bss.tftlcd_data
                0x200001a8        0x8 ./Core/Src/tftlcd.o
                0x200001a8                tftlcd_data
 .bss.TIM3_Handler
                0x200001b0       0x48 ./Core/Src/time.o
                0x200001b0                TIM3_Handler
 .bss.UART1_Handler
                0x200001f8       0x40 ./Core/Src/usart.o
                0x200001f8                UART1_Handler
 .bss.USART1_RX_BUF
                0x20000238       0xc8 ./Core/Src/usart.o
                0x20000238                USART1_RX_BUF
 .bss.USART1_RX_STA
                0x20000300        0x2 ./Core/Src/usart.o
                0x20000300                USART1_RX_STA
 *fill*         0x20000302        0x2 
 .bss.aRxBuffer
                0x20000304        0x1 ./Core/Src/usart.o
                0x20000304                aRxBuffer
 *fill*         0x20000305        0x3 
 .bss.openmv    0x20000308       0x12 ./Core/Src/usart.o
                0x20000308                openmv
 .bss.indx      0x2000031a        0x1 ./Core/Src/usart.o
                0x2000031a                indx
 *fill*         0x2000031b        0x1 
 .bss.uwTick    0x2000031c        0x4 ./Drivers/STM32F4xx_HAL_Driver/Src/stm32f4xx_hal.o
                0x2000031c                uwTick
 .bss.__sf      0x20000320      0x138 D:/ST/STM32CubeIDE_1.16.0/STM32CubeIDE/plugins/com.st.stm32cube.ide.mcu.externaltools.gnu-tools-for-stm32.12.3.rel1.win32_1.0.200.202406191623/tools/bin/../lib/gcc/arm-none-eabi/12.3.1/../../../../arm-none-eabi/lib/thumb/v7e-m+fp/hard\libc_nano.a(libc_a-findfp.o)
                0x20000320                __sf
 .bss.__stdio_exit_handler
                0x20000458        0x4 D:/ST/STM32CubeIDE_1.16.0/STM32CubeIDE/plugins/com.st.stm32cube.ide.mcu.externaltools.gnu-tools-for-stm32.12.3.rel1.win32_1.0.200.202406191623/tools/bin/../lib/gcc/arm-none-eabi/12.3.1/../../../../arm-none-eabi/lib/thumb/v7e-m+fp/hard\libc_nano.a(libc_a-findfp.o)
                0x20000458                __stdio_exit_handler
 .bss.errno     0x2000045c        0x4 D:/ST/STM32CubeIDE_1.16.0/STM32CubeIDE/plugins/com.st.stm32cube.ide.mcu.externaltools.gnu-tools-for-stm32.12.3.rel1.win32_1.0.200.202406191623/tools/bin/../lib/gcc/arm-none-eabi/12.3.1/../../../../arm-none-eabi/lib/thumb/v7e-m+fp/hard\libc_nano.a(libc_a-reent.o)
                0x2000045c                errno
 .bss.__lock___malloc_recursive_mutex
                0x20000460        0x1 D:/ST/STM32CubeIDE_1.16.0/STM32CubeIDE/plugins/com.st.stm32cube.ide.mcu.externaltools.gnu-tools-for-stm32.12.3.rel1.win32_1.0.200.202406191623/tools/bin/../lib/gcc/arm-none-eabi/12.3.1/../../../../arm-none-eabi/lib/thumb/v7e-m+fp/hard\libc_nano.a(libc_a-lock.o)
                0x20000460                __lock___malloc_recursive_mutex
 .bss.__lock___sfp_recursive_mutex
                0x20000461        0x1 D:/ST/STM32CubeIDE_1.16.0/STM32CubeIDE/plugins/com.st.stm32cube.ide.mcu.externaltools.gnu-tools-for-stm32.12.3.rel1.win32_1.0.200.202406191623/tools/bin/../lib/gcc/arm-none-eabi/12.3.1/../../../../arm-none-eabi/lib/thumb/v7e-m+fp/hard\libc_nano.a(libc_a-lock.o)
                0x20000461                __lock___sfp_recursive_mutex
 *fill*         0x20000462        0x2 
 .bss.__malloc_sbrk_start
                0x20000464        0x4 D:/ST/STM32CubeIDE_1.16.0/STM32CubeIDE/plugins/com.st.stm32cube.ide.mcu.externaltools.gnu-tools-for-stm32.12.3.rel1.win32_1.0.200.202406191623/tools/bin/../lib/gcc/arm-none-eabi/12.3.1/../../../../arm-none-eabi/lib/thumb/v7e-m+fp/hard\libc_nano.a(libc_a-mallocr.o)
                0x20000464                __malloc_sbrk_start
 .bss.__malloc_free_list
                0x20000468        0x4 D:/ST/STM32CubeIDE_1.16.0/STM32CubeIDE/plugins/com.st.stm32cube.ide.mcu.externaltools.gnu-tools-for-stm32.12.3.rel1.win32_1.0.200.202406191623/tools/bin/../lib/gcc/arm-none-eabi/12.3.1/../../../../arm-none-eabi/lib/thumb/v7e-m+fp/hard\libc_nano.a(libc_a-mallocr.o)
                0x20000468                __malloc_free_list
 .bss.heap_end.0
                0x2000046c        0x4 D:/ST/STM32CubeIDE_1.16.0/STM32CubeIDE/plugins/com.st.stm32cube.ide.mcu.externaltools.gnu-tools-for-stm32.12.3.rel1.win32_1.0.200.202406191623/tools/bin/../lib/gcc/arm-none-eabi/12.3.1/../../../../arm-none-eabi/lib/thumb/v7e-m+fp/hard\libnosys.a(sbrk.o)
 *(COMMON)
                0x20000470                        . = ALIGN (0x4)
                0x20000470                        _ebss = .
                0x20000470                        __bss_end__ = _ebss

._user_heap_stack
                0x20000470      0x600
                0x20000470                        . = ALIGN (0x8)
                0x20000470                        PROVIDE (end = .)
                [!provide]                        PROVIDE (_end = .)
                0x20000670                        . = (. + _Min_Heap_Size)
 *fill*         0x20000470      0x200 
                0x20000a70                        . = (. + _Min_Stack_Size)
 *fill*         0x20000670      0x400 
                0x20000a70                        . = ALIGN (0x8)

/DISCARD/
 libc.a(*)
 libm.a(*)
 libgcc.a(*)

.ARM.attributes
                0x00000000       0x30
 *(.ARM.attributes)
 .ARM.attributes
                0x00000000       0x22 D:/ST/STM32CubeIDE_1.16.0/STM32CubeIDE/plugins/com.st.stm32cube.ide.mcu.externaltools.gnu-tools-for-stm32.12.3.rel1.win32_1.0.200.202406191623/tools/bin/../lib/gcc/arm-none-eabi/12.3.1/thumb/v7e-m+fp/hard/crti.o
 .ARM.attributes
                0x00000022       0x34 D:/ST/STM32CubeIDE_1.16.0/STM32CubeIDE/plugins/com.st.stm32cube.ide.mcu.externaltools.gnu-tools-for-stm32.12.3.rel1.win32_1.0.200.202406191623/tools/bin/../lib/gcc/arm-none-eabi/12.3.1/thumb/v7e-m+fp/hard/crtbegin.o
 .ARM.attributes
                0x00000056       0x34 ./Core/Src/SysTick.o
 .ARM.attributes
                0x0000008a       0x34 ./Core/Src/beep.o
 .ARM.attributes
                0x000000be       0x34 ./Core/Src/key.o
 .ARM.attributes
                0x000000f2       0x34 ./Core/Src/led.o
 .ARM.attributes
                0x00000126       0x34 ./Core/Src/main.o
 .ARM.attributes
                0x0000015a       0x34 ./Core/Src/servo.o
 .ARM.attributes
                0x0000018e       0x34 ./Core/Src/servopwm.o
 .ARM.attributes
                0x000001c2       0x34 ./Core/Src/stm32f4xx_hal_msp.o
 .ARM.attributes
                0x000001f6       0x34 ./Core/Src/stm32f4xx_it.o
 .ARM.attributes
                0x0000022a       0x34 ./Core/Src/syscalls.o
 .ARM.attributes
                0x0000025e       0x34 ./Core/Src/sysmem.o
 .ARM.attributes
                0x00000292       0x34 ./Core/Src/system_stm32f4xx.o
 .ARM.attributes
                0x000002c6       0x34 ./Core/Src/tftlcd.o
 .ARM.attributes
                0x000002fa       0x34 ./Core/Src/time.o
 .ARM.attributes
                0x0000032e       0x34 ./Core/Src/usart.o
 .ARM.attributes
                0x00000362       0x21 ./Core/Startup/startup_stm32f407zgtx.o
 .ARM.attributes
                0x00000383       0x34 ./Drivers/STM32F4xx_HAL_Driver/Src/stm32f4xx_hal.o
 .ARM.attributes
                0x000003b7       0x34 ./Drivers/STM32F4xx_HAL_Driver/Src/stm32f4xx_hal_cortex.o
 .ARM.attributes
                0x000003eb       0x34 ./Drivers/STM32F4xx_HAL_Driver/Src/stm32f4xx_hal_dma.o
 .ARM.attributes
                0x0000041f       0x34 ./Drivers/STM32F4xx_HAL_Driver/Src/stm32f4xx_hal_gpio.o
 .ARM.attributes
                0x00000453       0x34 ./Drivers/STM32F4xx_HAL_Driver/Src/stm32f4xx_hal_rcc.o
 .ARM.attributes
                0x00000487       0x34 ./Drivers/STM32F4xx_HAL_Driver/Src/stm32f4xx_hal_sram.o
 .ARM.attributes
                0x000004bb       0x34 ./Drivers/STM32F4xx_HAL_Driver/Src/stm32f4xx_hal_tim.o
 .ARM.attributes
                0x000004ef       0x34 ./Drivers/STM32F4xx_HAL_Driver/Src/stm32f4xx_hal_tim_ex.o
 .ARM.attributes
                0x00000523       0x34 ./Drivers/STM32F4xx_HAL_Driver/Src/stm32f4xx_hal_uart.o
 .ARM.attributes
                0x00000557       0x34 ./Drivers/STM32F4xx_HAL_Driver/Src/stm32f4xx_ll_fsmc.o
 .ARM.attributes
                0x0000058b       0x34 D:/ST/STM32CubeIDE_1.16.0/STM32CubeIDE/plugins/com.st.stm32cube.ide.mcu.externaltools.gnu-tools-for-stm32.12.3.rel1.win32_1.0.200.202406191623/tools/bin/../lib/gcc/arm-none-eabi/12.3.1/../../../../arm-none-eabi/lib/thumb/v7e-m+fp/hard\libc_nano.a(libc_a-findfp.o)
 .ARM.attributes
                0x000005bf       0x34 D:/ST/STM32CubeIDE_1.16.0/STM32CubeIDE/plugins/com.st.stm32cube.ide.mcu.externaltools.gnu-tools-for-stm32.12.3.rel1.win32_1.0.200.202406191623/tools/bin/../lib/gcc/arm-none-eabi/12.3.1/../../../../arm-none-eabi/lib/thumb/v7e-m+fp/hard\libc_nano.a(libc_a-fwalk.o)
 .ARM.attributes
                0x000005f3       0x34 D:/ST/STM32CubeIDE_1.16.0/STM32CubeIDE/plugins/com.st.stm32cube.ide.mcu.externaltools.gnu-tools-for-stm32.12.3.rel1.win32_1.0.200.202406191623/tools/bin/../lib/gcc/arm-none-eabi/12.3.1/../../../../arm-none-eabi/lib/thumb/v7e-m+fp/hard\libc_nano.a(libc_a-printf.o)
 .ARM.attributes
                0x00000627       0x34 D:/ST/STM32CubeIDE_1.16.0/STM32CubeIDE/plugins/com.st.stm32cube.ide.mcu.externaltools.gnu-tools-for-stm32.12.3.rel1.win32_1.0.200.202406191623/tools/bin/../lib/gcc/arm-none-eabi/12.3.1/../../../../arm-none-eabi/lib/thumb/v7e-m+fp/hard\libc_nano.a(libc_a-stdio.o)
 .ARM.attributes
                0x0000065b       0x34 D:/ST/STM32CubeIDE_1.16.0/STM32CubeIDE/plugins/com.st.stm32cube.ide.mcu.externaltools.gnu-tools-for-stm32.12.3.rel1.win32_1.0.200.202406191623/tools/bin/../lib/gcc/arm-none-eabi/12.3.1/../../../../arm-none-eabi/lib/thumb/v7e-m+fp/hard\libc_nano.a(libc_a-memset.o)
 .ARM.attributes
                0x0000068f       0x34 D:/ST/STM32CubeIDE_1.16.0/STM32CubeIDE/plugins/com.st.stm32cube.ide.mcu.externaltools.gnu-tools-for-stm32.12.3.rel1.win32_1.0.200.202406191623/tools/bin/../lib/gcc/arm-none-eabi/12.3.1/../../../../arm-none-eabi/lib/thumb/v7e-m+fp/hard\libc_nano.a(libc_a-closer.o)
 .ARM.attributes
                0x000006c3       0x34 D:/ST/STM32CubeIDE_1.16.0/STM32CubeIDE/plugins/com.st.stm32cube.ide.mcu.externaltools.gnu-tools-for-stm32.12.3.rel1.win32_1.0.200.202406191623/tools/bin/../lib/gcc/arm-none-eabi/12.3.1/../../../../arm-none-eabi/lib/thumb/v7e-m+fp/hard\libc_nano.a(libc_a-reent.o)
 .ARM.attributes
                0x000006f7       0x34 D:/ST/STM32CubeIDE_1.16.0/STM32CubeIDE/plugins/com.st.stm32cube.ide.mcu.externaltools.gnu-tools-for-stm32.12.3.rel1.win32_1.0.200.202406191623/tools/bin/../lib/gcc/arm-none-eabi/12.3.1/../../../../arm-none-eabi/lib/thumb/v7e-m+fp/hard\libc_nano.a(libc_a-impure.o)
 .ARM.attributes
                0x0000072b       0x34 D:/ST/STM32CubeIDE_1.16.0/STM32CubeIDE/plugins/com.st.stm32cube.ide.mcu.externaltools.gnu-tools-for-stm32.12.3.rel1.win32_1.0.200.202406191623/tools/bin/../lib/gcc/arm-none-eabi/12.3.1/../../../../arm-none-eabi/lib/thumb/v7e-m+fp/hard\libc_nano.a(libc_a-lseekr.o)
 .ARM.attributes
                0x0000075f       0x34 D:/ST/STM32CubeIDE_1.16.0/STM32CubeIDE/plugins/com.st.stm32cube.ide.mcu.externaltools.gnu-tools-for-stm32.12.3.rel1.win32_1.0.200.202406191623/tools/bin/../lib/gcc/arm-none-eabi/12.3.1/../../../../arm-none-eabi/lib/thumb/v7e-m+fp/hard\libc_nano.a(libc_a-readr.o)
 .ARM.attributes
                0x00000793       0x34 D:/ST/STM32CubeIDE_1.16.0/STM32CubeIDE/plugins/com.st.stm32cube.ide.mcu.externaltools.gnu-tools-for-stm32.12.3.rel1.win32_1.0.200.202406191623/tools/bin/../lib/gcc/arm-none-eabi/12.3.1/../../../../arm-none-eabi/lib/thumb/v7e-m+fp/hard\libc_nano.a(libc_a-writer.o)
 .ARM.attributes
                0x000007c7       0x34 D:/ST/STM32CubeIDE_1.16.0/STM32CubeIDE/plugins/com.st.stm32cube.ide.mcu.externaltools.gnu-tools-for-stm32.12.3.rel1.win32_1.0.200.202406191623/tools/bin/../lib/gcc/arm-none-eabi/12.3.1/../../../../arm-none-eabi/lib/thumb/v7e-m+fp/hard\libc_nano.a(libc_a-init.o)
 .ARM.attributes
                0x000007fb       0x34 D:/ST/STM32CubeIDE_1.16.0/STM32CubeIDE/plugins/com.st.stm32cube.ide.mcu.externaltools.gnu-tools-for-stm32.12.3.rel1.win32_1.0.200.202406191623/tools/bin/../lib/gcc/arm-none-eabi/12.3.1/../../../../arm-none-eabi/lib/thumb/v7e-m+fp/hard\libc_nano.a(libc_a-lock.o)
 .ARM.attributes
                0x0000082f       0x34 D:/ST/STM32CubeIDE_1.16.0/STM32CubeIDE/plugins/com.st.stm32cube.ide.mcu.externaltools.gnu-tools-for-stm32.12.3.rel1.win32_1.0.200.202406191623/tools/bin/../lib/gcc/arm-none-eabi/12.3.1/../../../../arm-none-eabi/lib/thumb/v7e-m+fp/hard\libc_nano.a(libc_a-freer.o)
 .ARM.attributes
                0x00000863       0x34 D:/ST/STM32CubeIDE_1.16.0/STM32CubeIDE/plugins/com.st.stm32cube.ide.mcu.externaltools.gnu-tools-for-stm32.12.3.rel1.win32_1.0.200.202406191623/tools/bin/../lib/gcc/arm-none-eabi/12.3.1/../../../../arm-none-eabi/lib/thumb/v7e-m+fp/hard\libc_nano.a(libc_a-mallocr.o)
 .ARM.attributes
                0x00000897       0x34 D:/ST/STM32CubeIDE_1.16.0/STM32CubeIDE/plugins/com.st.stm32cube.ide.mcu.externaltools.gnu-tools-for-stm32.12.3.rel1.win32_1.0.200.202406191623/tools/bin/../lib/gcc/arm-none-eabi/12.3.1/../../../../arm-none-eabi/lib/thumb/v7e-m+fp/hard\libc_nano.a(libc_a-mlock.o)
 .ARM.attributes
                0x000008cb       0x34 D:/ST/STM32CubeIDE_1.16.0/STM32CubeIDE/plugins/com.st.stm32cube.ide.mcu.externaltools.gnu-tools-for-stm32.12.3.rel1.win32_1.0.200.202406191623/tools/bin/../lib/gcc/arm-none-eabi/12.3.1/../../../../arm-none-eabi/lib/thumb/v7e-m+fp/hard\libc_nano.a(libc_a-nano-vfprintf.o)
 .ARM.attributes
                0x000008ff       0x34 D:/ST/STM32CubeIDE_1.16.0/STM32CubeIDE/plugins/com.st.stm32cube.ide.mcu.externaltools.gnu-tools-for-stm32.12.3.rel1.win32_1.0.200.202406191623/tools/bin/../lib/gcc/arm-none-eabi/12.3.1/../../../../arm-none-eabi/lib/thumb/v7e-m+fp/hard\libc_nano.a(libc_a-nano-vfprintf_i.o)
 .ARM.attributes
                0x00000933       0x34 D:/ST/STM32CubeIDE_1.16.0/STM32CubeIDE/plugins/com.st.stm32cube.ide.mcu.externaltools.gnu-tools-for-stm32.12.3.rel1.win32_1.0.200.202406191623/tools/bin/../lib/gcc/arm-none-eabi/12.3.1/../../../../arm-none-eabi/lib/thumb/v7e-m+fp/hard\libc_nano.a(libc_a-fflush.o)
 .ARM.attributes
                0x00000967       0x34 D:/ST/STM32CubeIDE_1.16.0/STM32CubeIDE/plugins/com.st.stm32cube.ide.mcu.externaltools.gnu-tools-for-stm32.12.3.rel1.win32_1.0.200.202406191623/tools/bin/../lib/gcc/arm-none-eabi/12.3.1/../../../../arm-none-eabi/lib/thumb/v7e-m+fp/hard\libc_nano.a(libc_a-wbuf.o)
 .ARM.attributes
                0x0000099b       0x34 D:/ST/STM32CubeIDE_1.16.0/STM32CubeIDE/plugins/com.st.stm32cube.ide.mcu.externaltools.gnu-tools-for-stm32.12.3.rel1.win32_1.0.200.202406191623/tools/bin/../lib/gcc/arm-none-eabi/12.3.1/../../../../arm-none-eabi/lib/thumb/v7e-m+fp/hard\libc_nano.a(libc_a-wsetup.o)
 .ARM.attributes
                0x000009cf       0x34 D:/ST/STM32CubeIDE_1.16.0/STM32CubeIDE/plugins/com.st.stm32cube.ide.mcu.externaltools.gnu-tools-for-stm32.12.3.rel1.win32_1.0.200.202406191623/tools/bin/../lib/gcc/arm-none-eabi/12.3.1/../../../../arm-none-eabi/lib/thumb/v7e-m+fp/hard\libc_nano.a(libc_a-sbrkr.o)
 .ARM.attributes
                0x00000a03       0x1c D:/ST/STM32CubeIDE_1.16.0/STM32CubeIDE/plugins/com.st.stm32cube.ide.mcu.externaltools.gnu-tools-for-stm32.12.3.rel1.win32_1.0.200.202406191623/tools/bin/../lib/gcc/arm-none-eabi/12.3.1/../../../../arm-none-eabi/lib/thumb/v7e-m+fp/hard\libc_nano.a(libc_a-memchr.o)
 .ARM.attributes
                0x00000a1f       0x34 D:/ST/STM32CubeIDE_1.16.0/STM32CubeIDE/plugins/com.st.stm32cube.ide.mcu.externaltools.gnu-tools-for-stm32.12.3.rel1.win32_1.0.200.202406191623/tools/bin/../lib/gcc/arm-none-eabi/12.3.1/../../../../arm-none-eabi/lib/thumb/v7e-m+fp/hard\libc_nano.a(libc_a-makebuf.o)
 .ARM.attributes
                0x00000a53       0x34 D:/ST/STM32CubeIDE_1.16.0/STM32CubeIDE/plugins/com.st.stm32cube.ide.mcu.externaltools.gnu-tools-for-stm32.12.3.rel1.win32_1.0.200.202406191623/tools/bin/../lib/gcc/arm-none-eabi/12.3.1/../../../../arm-none-eabi/lib/thumb/v7e-m+fp/hard\libc_nano.a(libc_a-fstatr.o)
 .ARM.attributes
                0x00000a87       0x34 D:/ST/STM32CubeIDE_1.16.0/STM32CubeIDE/plugins/com.st.stm32cube.ide.mcu.externaltools.gnu-tools-for-stm32.12.3.rel1.win32_1.0.200.202406191623/tools/bin/../lib/gcc/arm-none-eabi/12.3.1/../../../../arm-none-eabi/lib/thumb/v7e-m+fp/hard\libc_nano.a(libc_a-isattyr.o)
 .ARM.attributes
                0x00000abb       0x22 D:/ST/STM32CubeIDE_1.16.0/STM32CubeIDE/plugins/com.st.stm32cube.ide.mcu.externaltools.gnu-tools-for-stm32.12.3.rel1.win32_1.0.200.202406191623/tools/bin/../lib/gcc/arm-none-eabi/12.3.1/thumb/v7e-m+fp/hard\libgcc.a(_aeabi_uldivmod.o)
 .ARM.attributes
                0x00000add       0x34 D:/ST/STM32CubeIDE_1.16.0/STM32CubeIDE/plugins/com.st.stm32cube.ide.mcu.externaltools.gnu-tools-for-stm32.12.3.rel1.win32_1.0.200.202406191623/tools/bin/../lib/gcc/arm-none-eabi/12.3.1/thumb/v7e-m+fp/hard\libgcc.a(_udivmoddi4.o)
 .ARM.attributes
                0x00000b11       0x22 D:/ST/STM32CubeIDE_1.16.0/STM32CubeIDE/plugins/com.st.stm32cube.ide.mcu.externaltools.gnu-tools-for-stm32.12.3.rel1.win32_1.0.200.202406191623/tools/bin/../lib/gcc/arm-none-eabi/12.3.1/thumb/v7e-m+fp/hard\libgcc.a(_dvmd_tls.o)
 .ARM.attributes
                0x00000b33       0x34 D:/ST/STM32CubeIDE_1.16.0/STM32CubeIDE/plugins/com.st.stm32cube.ide.mcu.externaltools.gnu-tools-for-stm32.12.3.rel1.win32_1.0.200.202406191623/tools/bin/../lib/gcc/arm-none-eabi/12.3.1/../../../../arm-none-eabi/lib/thumb/v7e-m+fp/hard\libnosys.a(sbrk.o)
 .ARM.attributes
                0x00000b67       0x22 D:/ST/STM32CubeIDE_1.16.0/STM32CubeIDE/plugins/com.st.stm32cube.ide.mcu.externaltools.gnu-tools-for-stm32.12.3.rel1.win32_1.0.200.202406191623/tools/bin/../lib/gcc/arm-none-eabi/12.3.1/thumb/v7e-m+fp/hard/crtn.o
OUTPUT(yuntai.elf elf32-littlearm)
LOAD linker stubs
LOAD D:/ST/STM32CubeIDE_1.16.0/STM32CubeIDE/plugins/com.st.stm32cube.ide.mcu.externaltools.gnu-tools-for-stm32.12.3.rel1.win32_1.0.200.202406191623/tools/bin/../lib/gcc/arm-none-eabi/12.3.1/../../../../arm-none-eabi/lib/thumb/v7e-m+fp/hard\libc.a
LOAD D:/ST/STM32CubeIDE_1.16.0/STM32CubeIDE/plugins/com.st.stm32cube.ide.mcu.externaltools.gnu-tools-for-stm32.12.3.rel1.win32_1.0.200.202406191623/tools/bin/../lib/gcc/arm-none-eabi/12.3.1/../../../../arm-none-eabi/lib/thumb/v7e-m+fp/hard\libm.a
LOAD D:/ST/STM32CubeIDE_1.16.0/STM32CubeIDE/plugins/com.st.stm32cube.ide.mcu.externaltools.gnu-tools-for-stm32.12.3.rel1.win32_1.0.200.202406191623/tools/bin/../lib/gcc/arm-none-eabi/12.3.1/thumb/v7e-m+fp/hard\libgcc.a

.debug_info     0x00000000     0xfbb1
 .debug_info    0x00000000      0x215 ./Core/Src/SysTick.o
 .debug_info    0x00000215      0x3b5 ./Core/Src/beep.o
 .debug_info    0x000005ca      0x409 ./Core/Src/key.o
 .debug_info    0x000009d3      0x3ed ./Core/Src/led.o
 .debug_info    0x00000dc0      0x7ab ./Core/Src/main.o
 .debug_info    0x0000156b      0x3a9 ./Core/Src/servo.o
 .debug_info    0x00001914      0xb2a ./Core/Src/servopwm.o
 .debug_info    0x0000243e      0x269 ./Core/Src/stm32f4xx_hal_msp.o
 .debug_info    0x000026a7      0x112 ./Core/Src/stm32f4xx_it.o
 .debug_info    0x000027b9      0x6a3 ./Core/Src/syscalls.o
 .debug_info    0x00002e5c      0x512 ./Core/Src/sysmem.o
 .debug_info    0x0000336e      0x512 ./Core/Src/system_stm32f4xx.o
 .debug_info    0x00003880     0x16b2 ./Core/Src/tftlcd.o
 .debug_info    0x00004f32      0xbd6 ./Core/Src/time.o
 .debug_info    0x00005b08      0xcd3 ./Core/Src/usart.o
 .debug_info    0x000067db       0x30 ./Core/Startup/startup_stm32f407zgtx.o
 .debug_info    0x0000680b      0x948 ./Drivers/STM32F4xx_HAL_Driver/Src/stm32f4xx_hal.o
 .debug_info    0x00007153      0xd46 ./Drivers/STM32F4xx_HAL_Driver/Src/stm32f4xx_hal_cortex.o
 .debug_info    0x00007e99      0x8e7 ./Drivers/STM32F4xx_HAL_Driver/Src/stm32f4xx_hal_dma.o
 .debug_info    0x00008780      0x6c3 ./Drivers/STM32F4xx_HAL_Driver/Src/stm32f4xx_hal_gpio.o
 .debug_info    0x00008e43      0x8b1 ./Drivers/STM32F4xx_HAL_Driver/Src/stm32f4xx_hal_rcc.o
 .debug_info    0x000096f4      0xb3e ./Drivers/STM32F4xx_HAL_Driver/Src/stm32f4xx_hal_sram.o
 .debug_info    0x0000a232     0x2948 ./Drivers/STM32F4xx_HAL_Driver/Src/stm32f4xx_hal_tim.o
 .debug_info    0x0000cb7a     0x14ae ./Drivers/STM32F4xx_HAL_Driver/Src/stm32f4xx_hal_tim_ex.o
 .debug_info    0x0000e028     0x11fd ./Drivers/STM32F4xx_HAL_Driver/Src/stm32f4xx_hal_uart.o
 .debug_info    0x0000f225      0x98c ./Drivers/STM32F4xx_HAL_Driver/Src/stm32f4xx_ll_fsmc.o

.debug_abbrev   0x00000000     0x30d4
 .debug_abbrev  0x00000000      0x14d ./Core/Src/SysTick.o
 .debug_abbrev  0x0000014d      0x147 ./Core/Src/beep.o
 .debug_abbrev  0x00000294      0x185 ./Core/Src/key.o
 .debug_abbrev  0x00000419      0x152 ./Core/Src/led.o
 .debug_abbrev  0x0000056b      0x2a7 ./Core/Src/main.o
 .debug_abbrev  0x00000812      0x182 ./Core/Src/servo.o
 .debug_abbrev  0x00000994      0x21e ./Core/Src/servopwm.o
 .debug_abbrev  0x00000bb2       0xd8 ./Core/Src/stm32f4xx_hal_msp.o
 .debug_abbrev  0x00000c8a       0x73 ./Core/Src/stm32f4xx_it.o
 .debug_abbrev  0x00000cfd      0x1b6 ./Core/Src/syscalls.o
 .debug_abbrev  0x00000eb3      0x19c ./Core/Src/sysmem.o
 .debug_abbrev  0x0000104f      0x11a ./Core/Src/system_stm32f4xx.o
 .debug_abbrev  0x00001169      0x366 ./Core/Src/tftlcd.o
 .debug_abbrev  0x000014cf      0x246 ./Core/Src/time.o
 .debug_abbrev  0x00001715      0x24e ./Core/Src/usart.o
 .debug_abbrev  0x00001963       0x24 ./Core/Startup/startup_stm32f407zgtx.o
 .debug_abbrev  0x00001987      0x213 ./Drivers/STM32F4xx_HAL_Driver/Src/stm32f4xx_hal.o
 .debug_abbrev  0x00001b9a      0x327 ./Drivers/STM32F4xx_HAL_Driver/Src/stm32f4xx_hal_cortex.o
 .debug_abbrev  0x00001ec1      0x264 ./Drivers/STM32F4xx_HAL_Driver/Src/stm32f4xx_hal_dma.o
 .debug_abbrev  0x00002125      0x1d4 ./Drivers/STM32F4xx_HAL_Driver/Src/stm32f4xx_hal_gpio.o
 .debug_abbrev  0x000022f9      0x2b6 ./Drivers/STM32F4xx_HAL_Driver/Src/stm32f4xx_hal_rcc.o
 .debug_abbrev  0x000025af      0x208 ./Drivers/STM32F4xx_HAL_Driver/Src/stm32f4xx_hal_sram.o
 .debug_abbrev  0x000027b7      0x271 ./Drivers/STM32F4xx_HAL_Driver/Src/stm32f4xx_hal_tim.o
 .debug_abbrev  0x00002a28      0x27c ./Drivers/STM32F4xx_HAL_Driver/Src/stm32f4xx_hal_tim_ex.o
 .debug_abbrev  0x00002ca4      0x288 ./Drivers/STM32F4xx_HAL_Driver/Src/stm32f4xx_hal_uart.o
 .debug_abbrev  0x00002f2c      0x1a8 ./Drivers/STM32F4xx_HAL_Driver/Src/stm32f4xx_ll_fsmc.o

.debug_aranges  0x00000000     0x1020
 .debug_aranges
                0x00000000       0x30 ./Core/Src/SysTick.o
 .debug_aranges
                0x00000030       0x20 ./Core/Src/beep.o
 .debug_aranges
                0x00000050       0x28 ./Core/Src/key.o
 .debug_aranges
                0x00000078       0x20 ./Core/Src/led.o
 .debug_aranges
                0x00000098       0x40 ./Core/Src/main.o
 .debug_aranges
                0x000000d8       0x40 ./Core/Src/servo.o
 .debug_aranges
                0x00000118       0x30 ./Core/Src/servopwm.o
 .debug_aranges
                0x00000148       0x20 ./Core/Src/stm32f4xx_hal_msp.o
 .debug_aranges
                0x00000168       0x60 ./Core/Src/stm32f4xx_it.o
 .debug_aranges
                0x000001c8       0xa8 ./Core/Src/syscalls.o
 .debug_aranges
                0x00000270       0x20 ./Core/Src/sysmem.o
 .debug_aranges
                0x00000290       0x28 ./Core/Src/system_stm32f4xx.o
 .debug_aranges
                0x000002b8      0x108 ./Core/Src/tftlcd.o
 .debug_aranges
                0x000003c0       0x38 ./Core/Src/time.o
 .debug_aranges
                0x000003f8       0x38 ./Core/Src/usart.o
 .debug_aranges
                0x00000430       0x28 ./Core/Startup/startup_stm32f407zgtx.o
 .debug_aranges
                0x00000458       0xf0 ./Drivers/STM32F4xx_HAL_Driver/Src/stm32f4xx_hal.o
 .debug_aranges
                0x00000548      0x118 ./Drivers/STM32F4xx_HAL_Driver/Src/stm32f4xx_hal_cortex.o
 .debug_aranges
                0x00000660       0x90 ./Drivers/STM32F4xx_HAL_Driver/Src/stm32f4xx_hal_dma.o
 .debug_aranges
                0x000006f0       0x58 ./Drivers/STM32F4xx_HAL_Driver/Src/stm32f4xx_hal_gpio.o
 .debug_aranges
                0x00000748       0x88 ./Drivers/STM32F4xx_HAL_Driver/Src/stm32f4xx_hal_rcc.o
 .debug_aranges
                0x000007d0       0xa0 ./Drivers/STM32F4xx_HAL_Driver/Src/stm32f4xx_hal_sram.o
 .debug_aranges
                0x00000870      0x3d0 ./Drivers/STM32F4xx_HAL_Driver/Src/stm32f4xx_hal_tim.o
 .debug_aranges
                0x00000c40      0x168 ./Drivers/STM32F4xx_HAL_Driver/Src/stm32f4xx_hal_tim_ex.o
 .debug_aranges
                0x00000da8      0x1d0 ./Drivers/STM32F4xx_HAL_Driver/Src/stm32f4xx_hal_uart.o
 .debug_aranges
                0x00000f78       0xa8 ./Drivers/STM32F4xx_HAL_Driver/Src/stm32f4xx_ll_fsmc.o

.debug_rnglists
                0x00000000      0xc44
 .debug_rnglists
                0x00000000       0x1f ./Core/Src/SysTick.o
 .debug_rnglists
                0x0000001f       0x13 ./Core/Src/beep.o
 .debug_rnglists
                0x00000032       0x1b ./Core/Src/key.o
 .debug_rnglists
                0x0000004d       0x14 ./Core/Src/led.o
 .debug_rnglists
                0x00000061       0x2d ./Core/Src/main.o
 .debug_rnglists
                0x0000008e       0x2d ./Core/Src/servo.o
 .debug_rnglists
                0x000000bb       0x21 ./Core/Src/servopwm.o
 .debug_rnglists
                0x000000dc       0x13 ./Core/Src/stm32f4xx_hal_msp.o
 .debug_rnglists
                0x000000ef       0x43 ./Core/Src/stm32f4xx_it.o
 .debug_rnglists
                0x00000132       0x79 ./Core/Src/syscalls.o
 .debug_rnglists
                0x000001ab       0x14 ./Core/Src/sysmem.o
 .debug_rnglists
                0x000001bf       0x1a ./Core/Src/system_stm32f4xx.o
 .debug_rnglists
                0x000001d9       0xd2 ./Core/Src/tftlcd.o
 .debug_rnglists
                0x000002ab       0x25 ./Core/Src/time.o
 .debug_rnglists
                0x000002d0       0x27 ./Core/Src/usart.o
 .debug_rnglists
                0x000002f7       0x19 ./Core/Startup/startup_stm32f407zgtx.o
 .debug_rnglists
                0x00000310       0xaf ./Drivers/STM32F4xx_HAL_Driver/Src/stm32f4xx_hal.o
 .debug_rnglists
                0x000003bf       0xce ./Drivers/STM32F4xx_HAL_Driver/Src/stm32f4xx_hal_cortex.o
 .debug_rnglists
                0x0000048d       0x70 ./Drivers/STM32F4xx_HAL_Driver/Src/stm32f4xx_hal_dma.o
 .debug_rnglists
                0x000004fd       0x3f ./Drivers/STM32F4xx_HAL_Driver/Src/stm32f4xx_hal_gpio.o
 .debug_rnglists
                0x0000053c       0x66 ./Drivers/STM32F4xx_HAL_Driver/Src/stm32f4xx_hal_rcc.o
 .debug_rnglists
                0x000005a2       0x76 ./Drivers/STM32F4xx_HAL_Driver/Src/stm32f4xx_hal_sram.o
 .debug_rnglists
                0x00000618      0x31a ./Drivers/STM32F4xx_HAL_Driver/Src/stm32f4xx_hal_tim.o
 .debug_rnglists
                0x00000932      0x125 ./Drivers/STM32F4xx_HAL_Driver/Src/stm32f4xx_hal_tim_ex.o
 .debug_rnglists
                0x00000a57      0x170 ./Drivers/STM32F4xx_HAL_Driver/Src/stm32f4xx_hal_uart.o
 .debug_rnglists
                0x00000bc7       0x7d ./Drivers/STM32F4xx_HAL_Driver/Src/stm32f4xx_ll_fsmc.o

.debug_macro    0x00000000    0x242ec
 .debug_macro   0x00000000      0x20c ./Core/Src/SysTick.o
 .debug_macro   0x0000020c      0xab4 ./Core/Src/SysTick.o
 .debug_macro   0x00000cc0       0x2e ./Core/Src/SysTick.o
 .debug_macro   0x00000cee       0x2f ./Core/Src/SysTick.o
 .debug_macro   0x00000d1d       0x22 ./Core/Src/SysTick.o
 .debug_macro   0x00000d3f       0x8e ./Core/Src/SysTick.o
 .debug_macro   0x00000dcd       0x51 ./Core/Src/SysTick.o
 .debug_macro   0x00000e1e      0x103 ./Core/Src/SysTick.o
 .debug_macro   0x00000f21       0x6a ./Core/Src/SysTick.o
 .debug_macro   0x00000f8b      0x1df ./Core/Src/SysTick.o
 .debug_macro   0x0000116a       0x1c ./Core/Src/SysTick.o
 .debug_macro   0x00001186       0x22 ./Core/Src/SysTick.o
 .debug_macro   0x000011a8       0xd9 ./Core/Src/SysTick.o
 .debug_macro   0x00001281     0x102d ./Core/Src/SysTick.o
 .debug_macro   0x000022ae      0x11f ./Core/Src/SysTick.o
 .debug_macro   0x000023cd    0x15e82 ./Core/Src/SysTick.o
 .debug_macro   0x0001824f       0x6d ./Core/Src/SysTick.o
 .debug_macro   0x000182bc      0x2a7 ./Core/Src/SysTick.o
 .debug_macro   0x00018563     0x367e ./Core/Src/SysTick.o
 .debug_macro   0x0001bbe1      0x189 ./Core/Src/SysTick.o
 .debug_macro   0x0001bd6a       0x5c ./Core/Src/SysTick.o
 .debug_macro   0x0001bdc6      0x96b ./Core/Src/SysTick.o
 .debug_macro   0x0001c731      0x9fe ./Core/Src/SysTick.o
 .debug_macro   0x0001d12f      0x115 ./Core/Src/SysTick.o
 .debug_macro   0x0001d244      0x13e ./Core/Src/SysTick.o
 .debug_macro   0x0001d382       0xa5 ./Core/Src/SysTick.o
 .debug_macro   0x0001d427      0x174 ./Core/Src/SysTick.o
 .debug_macro   0x0001d59b      0x287 ./Core/Src/SysTick.o
 .debug_macro   0x0001d822       0x5f ./Core/Src/SysTick.o
 .debug_macro   0x0001d881      0x236 ./Core/Src/SysTick.o
 .debug_macro   0x0001dab7      0x12c ./Core/Src/SysTick.o
 .debug_macro   0x0001dbe3      0x21e ./Core/Src/SysTick.o
 .debug_macro   0x0001de01       0x2e ./Core/Src/SysTick.o
 .debug_macro   0x0001de2f      0x543 ./Core/Src/SysTick.o
 .debug_macro   0x0001e372      0x11a ./Core/Src/SysTick.o
 .debug_macro   0x0001e48c       0x7e ./Core/Src/SysTick.o
 .debug_macro   0x0001e50a       0x89 ./Core/Src/SysTick.o
 .debug_macro   0x0001e593      0x8e6 ./Core/Src/SysTick.o
 .debug_macro   0x0001ee79       0x47 ./Core/Src/SysTick.o
 .debug_macro   0x0001eec0      0x287 ./Core/Src/SysTick.o
 .debug_macro   0x0001f147      0x217 ./Core/Src/SysTick.o
 .debug_macro   0x0001f35e      0x12d ./Core/Src/SysTick.o
 .debug_macro   0x0001f48b       0xee ./Core/Src/SysTick.o
 .debug_macro   0x0001f579      0x211 ./Core/Src/beep.o
 .debug_macro   0x0001f78a       0x1c ./Core/Src/beep.o
 .debug_macro   0x0001f7a6      0x21b ./Core/Src/key.o
 .debug_macro   0x0001f9c1       0x58 ./Core/Src/key.o
 .debug_macro   0x0001fa19      0x211 ./Core/Src/led.o
 .debug_macro   0x0001fc2a       0x4c ./Core/Src/led.o
 .debug_macro   0x0001fc76      0x273 ./Core/Src/main.o
 .debug_macro   0x0001fee9       0xf4 ./Core/Src/main.o
 .debug_macro   0x0001ffdd       0x10 ./Core/Src/main.o
 .debug_macro   0x0001ffed       0x5e ./Core/Src/main.o
 .debug_macro   0x0002004b       0xac ./Core/Src/main.o
 .debug_macro   0x000200f7       0x22 ./Core/Src/main.o
 .debug_macro   0x00020119      0x2fe ./Core/Src/servo.o
 .debug_macro   0x00020417       0x52 ./Core/Src/servo.o
 .debug_macro   0x00020469       0x61 ./Core/Src/servo.o
 .debug_macro   0x000204ca       0x2a ./Core/Src/servo.o
 .debug_macro   0x000204f4       0x43 ./Core/Src/servo.o
 .debug_macro   0x00020537       0x34 ./Core/Src/servo.o
 .debug_macro   0x0002056b       0x16 ./Core/Src/servo.o
 .debug_macro   0x00020581       0x43 ./Core/Src/servo.o
 .debug_macro   0x000205c4       0x34 ./Core/Src/servo.o
 .debug_macro   0x000205f8       0x10 ./Core/Src/servo.o
 .debug_macro   0x00020608       0x58 ./Core/Src/servo.o
 .debug_macro   0x00020660       0x8e ./Core/Src/servo.o
 .debug_macro   0x000206ee       0x1c ./Core/Src/servo.o
 .debug_macro   0x0002070a      0x177 ./Core/Src/servo.o
 .debug_macro   0x00020881      0x369 ./Core/Src/servo.o
 .debug_macro   0x00020bea      0x19b ./Core/Src/servo.o
 .debug_macro   0x00020d85      0x20c ./Core/Src/servopwm.o
 .debug_macro   0x00020f91      0x1fd ./Core/Src/stm32f4xx_hal_msp.o
 .debug_macro   0x0002118e      0x207 ./Core/Src/stm32f4xx_it.o
 .debug_macro   0x00021395      0x3dd ./Core/Src/syscalls.o
 .debug_macro   0x00021772       0x5b ./Core/Src/syscalls.o
 .debug_macro   0x000217cd       0x94 ./Core/Src/syscalls.o
 .debug_macro   0x00021861       0x57 ./Core/Src/syscalls.o
 .debug_macro   0x000218b8       0x10 ./Core/Src/syscalls.o
 .debug_macro   0x000218c8       0x1c ./Core/Src/syscalls.o
 .debug_macro   0x000218e4       0x52 ./Core/Src/syscalls.o
 .debug_macro   0x00021936       0x22 ./Core/Src/syscalls.o
 .debug_macro   0x00021958       0x10 ./Core/Src/syscalls.o
 .debug_macro   0x00021968       0x52 ./Core/Src/syscalls.o
 .debug_macro   0x000219ba       0xcf ./Core/Src/syscalls.o
 .debug_macro   0x00021a89       0x1c ./Core/Src/syscalls.o
 .debug_macro   0x00021aa5       0x3d ./Core/Src/syscalls.o
 .debug_macro   0x00021ae2      0x12c ./Core/Src/syscalls.o
 .debug_macro   0x00021c0e       0x16 ./Core/Src/syscalls.o
 .debug_macro   0x00021c24       0x35 ./Core/Src/syscalls.o
 .debug_macro   0x00021c59       0x16 ./Core/Src/syscalls.o
 .debug_macro   0x00021c6f       0x29 ./Core/Src/syscalls.o
 .debug_macro   0x00021c98       0x10 ./Core/Src/syscalls.o
 .debug_macro   0x00021ca8      0x242 ./Core/Src/syscalls.o
 .debug_macro   0x00021eea       0x1c ./Core/Src/syscalls.o
 .debug_macro   0x00021f06       0x10 ./Core/Src/syscalls.o
 .debug_macro   0x00021f16       0x10 ./Core/Src/syscalls.o
 .debug_macro   0x00021f26       0x16 ./Core/Src/syscalls.o
 .debug_macro   0x00021f3c      0x146 ./Core/Src/syscalls.o
 .debug_macro   0x00022082      0x190 ./Core/Src/syscalls.o
 .debug_macro   0x00022212       0x16 ./Core/Src/syscalls.o
 .debug_macro   0x00022228       0xce ./Core/Src/syscalls.o
 .debug_macro   0x000222f6      0x202 ./Core/Src/sysmem.o
 .debug_macro   0x000224f8      0x1f3 ./Core/Src/system_stm32f4xx.o
 .debug_macro   0x000226eb      0x309 ./Core/Src/tftlcd.o
 .debug_macro   0x000229f4       0xa6 ./Core/Src/tftlcd.o
 .debug_macro   0x00022a9a      0x228 ./Core/Src/time.o
 .debug_macro   0x00022cc2      0x21a ./Core/Src/usart.o
 .debug_macro   0x00022edc      0x253 ./Drivers/STM32F4xx_HAL_Driver/Src/stm32f4xx_hal.o
 .debug_macro   0x0002312f      0x1f3 ./Drivers/STM32F4xx_HAL_Driver/Src/stm32f4xx_hal_cortex.o
 .debug_macro   0x00023322      0x1f9 ./Drivers/STM32F4xx_HAL_Driver/Src/stm32f4xx_hal_dma.o
 .debug_macro   0x0002351b      0x1f9 ./Drivers/STM32F4xx_HAL_Driver/Src/stm32f4xx_hal_gpio.o
 .debug_macro   0x00023714      0x217 ./Drivers/STM32F4xx_HAL_Driver/Src/stm32f4xx_hal_rcc.o
 .debug_macro   0x0002392b      0x1f3 ./Drivers/STM32F4xx_HAL_Driver/Src/stm32f4xx_hal_sram.o
 .debug_macro   0x00023b1e      0x1f4 ./Drivers/STM32F4xx_HAL_Driver/Src/stm32f4xx_hal_tim.o
 .debug_macro   0x00023d12      0x1f3 ./Drivers/STM32F4xx_HAL_Driver/Src/stm32f4xx_hal_tim_ex.o
 .debug_macro   0x00023f05      0x1f4 ./Drivers/STM32F4xx_HAL_Driver/Src/stm32f4xx_hal_uart.o
 .debug_macro   0x000240f9      0x1f3 ./Drivers/STM32F4xx_HAL_Driver/Src/stm32f4xx_ll_fsmc.o

.debug_line     0x00000000    0x1522e
 .debug_line    0x00000000      0x824 ./Core/Src/SysTick.o
 .debug_line    0x00000824      0x7a4 ./Core/Src/beep.o
 .debug_line    0x00000fc8      0x86c ./Core/Src/key.o
 .debug_line    0x00001834      0x7b0 ./Core/Src/led.o
 .debug_line    0x00001fe4      0xa2b ./Core/Src/main.o
 .debug_line    0x00002a0f      0xab2 ./Core/Src/servo.o
 .debug_line    0x000034c1      0x831 ./Core/Src/servopwm.o