../Core/Src/tftlcd.c:19:6:LCD_WriteCmd	16	static
../Core/Src/tftlcd.c:98:6:LCD_WriteData	16	static
../Core/Src/tftlcd.c:175:6:LCD_WriteCmdData	16	static
../Core/Src/tftlcd.c:182:5:LCD_RGBColor_Change	24	static
../Core/Src/tftlcd.c:192:6:LCD_WriteData_Color	16	static
../Core/Src/tftlcd.c:278:5:LCD_ReadData	4	static
../Core/Src/tftlcd.c:381:6:LCD_Display_Dir	16	static
../Core/Src/tftlcd.c:671:6:LCD_Set_Window	24	static
../Core/Src/tftlcd.c:1116:5:LCD_ReadPoint	24	static
../Core/Src/tftlcd.c:1303:6:HAL_SRAM_MspInit	56	static
../Core/Src/tftlcd.c:1336:6:TFTLCD_FSMC_Init	88	static
../Core/Src/tftlcd.c:1383:6:LCD_SSD_BackLightSet	16	static
../Core/Src/tftlcd.c:1394:6:TFTLCD_Init	8	static
../Core/Src/tftlcd.c:3795:6:LCD_Clear	24	static
../Core/Src/tftlcd.c:3813:6:LCD_Fill	32	static
../Core/Src/tftlcd.c:3838:6:LCD_Color_Fill	32	static
../Core/Src/tftlcd.c:3857:6:LCD_DrawPoint	16	static
../Core/Src/tftlcd.c:3866:6:LCD_DrawFRONT_COLOR	16	static
../Core/Src/tftlcd.c:3875:6:LCD_DrawLine	64	static
../Core/Src/tftlcd.c:3910:6:LCD_DrawLine_Color	64	static
../Core/Src/tftlcd.c:3950:6:LCD_DrowSign	24	static
../Core/Src/tftlcd.c:3978:6:LCD_DrawRectangle	24	static
../Core/Src/tftlcd.c:3988:6:LCD_Draw_Circle	32	static
../Core/Src/tftlcd.c:4022:6:LCD_ShowChar	32	static
../Core/Src/tftlcd.c:4053:5:LCD_Pow	24	static
../Core/Src/tftlcd.c:4065:6:LCD_ShowNum	48	static
../Core/Src/tftlcd.c:4094:6:LCD_ShowxNum	48	static
../Core/Src/tftlcd.c:4119:6:LCD_ShowString	40	static
../Core/Src/tftlcd.c:4183:6:LCD_ShowFontHZ	32	static
../Core/Src/tftlcd.c:4232:6:LCD_ShowPicture	40	static
